Component: ARM Compiler 5.06 update 7 (build 960) Tool: armlink [4d3601]

==============================================================================

Section Cross References

    main.o(i.main) refers to _printf_percent.o(.ARM.Collect$$_printf_percent$$00000000) for _printf_percent
    main.o(i.main) refers to _printf_d.o(.ARM.Collect$$_printf_percent$$00000009) for _printf_d
    main.o(i.main) refers to _printf_dec.o(.text) for _printf_int_dec
    main.o(i.main) refers to stm32l4xx_hal.o(i.HAL_Init) for HAL_Init
    main.o(i.main) refers to sys.o(i.SystemClock_Config) for SystemClock_Config
    main.o(i.main) refers to delay.o(i.stkdly_init) for stkdly_init
    main.o(i.main) refers to usart.o(i.uart_init) for uart_init
    main.o(i.main) refers to noretval__2printf.o(.text) for __2printf
    main.o(i.main) refers to sample_led.o(i.app_samp_leds_init) for app_samp_leds_init
    main.o(i.main) refers to bsp_key.o(i.bsp_InitKey) for bsp_InitKey
    main.o(i.main) refers to beep.o(i.BEEP_Init) for BEEP_Init
    main.o(i.main) refers to key.o(i.KEY_Scan) for KEY_Scan
    main.o(i.main) refers to sample_keys_afl.o(i.sample_afl_keys) for sample_afl_keys
    main.o(i.main) refers to bsp_key.o(i.bsp_KeyScan10ms) for bsp_KeyScan10ms
    main.o(i.main) refers to system_stm32l4xx.o(.data) for SystemCoreClock
    main.o(i.main) refers to sample_led.o(.data) for g_samp_leds
    stm32l4xx_it.o(i.SysTick_Handler) refers to stm32l4xx_hal.o(i.HAL_IncTick) for HAL_IncTick
    system_stm32l4xx.o(i.SystemCoreClockUpdate) refers to system_stm32l4xx.o(.constdata) for .constdata
    system_stm32l4xx.o(i.SystemCoreClockUpdate) refers to system_stm32l4xx.o(.data) for .data
    startup_stm32l496xx.o(STACK) refers (Special) to heapauxi.o(.text) for __use_two_region_memory
    startup_stm32l496xx.o(HEAP) refers (Special) to heapauxi.o(.text) for __use_two_region_memory
    startup_stm32l496xx.o(RESET) refers (Special) to heapauxi.o(.text) for __use_two_region_memory
    startup_stm32l496xx.o(RESET) refers to startup_stm32l496xx.o(STACK) for __initial_sp
    startup_stm32l496xx.o(RESET) refers to startup_stm32l496xx.o(.text) for Reset_Handler
    startup_stm32l496xx.o(RESET) refers to stm32l4xx_it.o(i.NMI_Handler) for NMI_Handler
    startup_stm32l496xx.o(RESET) refers to stm32l4xx_it.o(i.HardFault_Handler) for HardFault_Handler
    startup_stm32l496xx.o(RESET) refers to stm32l4xx_it.o(i.MemManage_Handler) for MemManage_Handler
    startup_stm32l496xx.o(RESET) refers to stm32l4xx_it.o(i.BusFault_Handler) for BusFault_Handler
    startup_stm32l496xx.o(RESET) refers to stm32l4xx_it.o(i.UsageFault_Handler) for UsageFault_Handler
    startup_stm32l496xx.o(RESET) refers to stm32l4xx_it.o(i.SVC_Handler) for SVC_Handler
    startup_stm32l496xx.o(RESET) refers to stm32l4xx_it.o(i.DebugMon_Handler) for DebugMon_Handler
    startup_stm32l496xx.o(RESET) refers to stm32l4xx_it.o(i.PendSV_Handler) for PendSV_Handler
    startup_stm32l496xx.o(RESET) refers to stm32l4xx_it.o(i.SysTick_Handler) for SysTick_Handler
    startup_stm32l496xx.o(RESET) refers to sample_keys_afl.o(i.EXTI9_5_IRQHandler) for EXTI9_5_IRQHandler
    startup_stm32l496xx.o(RESET) refers to usart.o(i.USART1_IRQHandler) for USART1_IRQHandler
    startup_stm32l496xx.o(.text) refers (Special) to heapauxi.o(.text) for __use_two_region_memory
    startup_stm32l496xx.o(.text) refers to system_stm32l4xx.o(i.SystemInit) for SystemInit
    startup_stm32l496xx.o(.text) refers to __main.o(!!!main) for __main
    startup_stm32l496xx.o(.text) refers to startup_stm32l496xx.o(HEAP) for Heap_Mem
    startup_stm32l496xx.o(.text) refers to startup_stm32l496xx.o(STACK) for Stack_Mem
    stm32l4xx_hal.o(i.HAL_DeInit) refers to stm32l4xx_hal.o(i.HAL_MspDeInit) for HAL_MspDeInit
    stm32l4xx_hal.o(i.HAL_Delay) refers to stm32l4xx_hal.o(i.HAL_GetTick) for HAL_GetTick
    stm32l4xx_hal.o(i.HAL_GetTick) refers to stm32l4xx_hal.o(.data) for .data
    stm32l4xx_hal.o(i.HAL_IncTick) refers to stm32l4xx_hal.o(.data) for .data
    stm32l4xx_hal.o(i.HAL_Init) refers to stm32l4xx_hal_cortex.o(i.HAL_NVIC_SetPriorityGrouping) for HAL_NVIC_SetPriorityGrouping
    stm32l4xx_hal.o(i.HAL_Init) refers to stm32l4xx_hal.o(i.HAL_InitTick) for HAL_InitTick
    stm32l4xx_hal.o(i.HAL_Init) refers to stm32l4xx_hal.o(i.HAL_MspInit) for HAL_MspInit
    stm32l4xx_hal.o(i.HAL_InitTick) refers to stm32l4xx_hal_cortex.o(i.HAL_SYSTICK_Config) for HAL_SYSTICK_Config
    stm32l4xx_hal.o(i.HAL_InitTick) refers to stm32l4xx_hal_cortex.o(i.HAL_NVIC_SetPriority) for HAL_NVIC_SetPriority
    stm32l4xx_hal.o(i.HAL_InitTick) refers to system_stm32l4xx.o(.data) for SystemCoreClock
    stm32l4xx_hal.o(i.HAL_SYSCFG_EnableVREFBUF) refers to stm32l4xx_hal.o(i.HAL_GetTick) for HAL_GetTick
    stm32l4xx_hal_cortex.o(i.HAL_NVIC_SetPriority) refers to stm32l4xx_hal_cortex.o(i.NVIC_SetPriority) for NVIC_SetPriority
    stm32l4xx_hal_cortex.o(i.HAL_SYSTICK_Config) refers to stm32l4xx_hal_cortex.o(i.NVIC_SetPriority) for NVIC_SetPriority
[...]
    Removing res_gpio.o(.rrx_text), (6 bytes).
    Removing res_gpio.o(.data), (20 bytes).
    Removing res_gpio.o(.data), (20 bytes).
    Removing res_gpio.o(.data), (20 bytes).
    Removing res_gpio.o(.data), (20 bytes).
    Removing res_gpio.o(.data), (20 bytes).
    Removing res_uart.o(.rev16_text), (4 bytes).
    Removing res_uart.o(.revsh_text), (4 bytes).
    Removing res_uart.o(.rrx_text), (6 bytes).
    Removing res_uart.o(.bss), (1024 bytes).
    Removing res_uart.o(.bss), (64 bytes).
    Removing res_uart.o(.data), (2 bytes).
    Removing res_uart.o(.data), (1 bytes).
    Removing res_uart.o(.data), (1 bytes).
    Removing res_uart.o(.data), (1 bytes).
    Removing res_uart.o(.data), (1 bytes).
    Removing res_uart.o(.data), (1 bytes).
    Removing res_uart.o(.data), (1 bytes).
    Removing res_uart.o(.data), (1 bytes).
    Removing res_uart.o(.data), (1 bytes).
    Removing utility_def.o(.rev16_text), (4 bytes).
    Removing utility_def.o(.revsh_text), (4 bytes).
    Removing utility_def.o(.rrx_text), (6 bytes).
    Removing utility_def.o(i.getbit_glbvar32), (32 bytes).
    Removing utility_def.o(i.num_to_str), (56 bytes).
    Removing utility_def.o(i.ulf_impdly_free), (34 bytes).
    Removing utility_def.o(i.ulf_log2), (76 bytes).
    Removing utility_def.o(i.umf_set_glbvar32), (24 bytes).
    Removing utility_def.o(i.umf_setbit_glbvar32), (52 bytes).
    Removing utility_def.o(i.umf_vluled), (6 bytes).
    Removing utility_def.o(.bss), (64 bytes).
    Removing utility_def.o(.constdata), (84 bytes).
    Removing utility_def.o(.constdata), (8 bytes).
    Removing utility_def.o(.constdata), (8 bytes).
    Removing utility_def.o(.constdata), (8 bytes).
    Removing utility_def.o(.data), (2 bytes).
    Removing utility_def.o(.data), (2 bytes).
    Removing utility_def.o(.data), (2 bytes).
    Removing utility_def.o(.data), (1 bytes).
    Removing utility_def.o(.data), (21 bytes).
    Removing utility_def.o(.data), (336 bytes).
    Removing utility_def.o(.data), (4 bytes).
    Removing utility_def.o(.data), (2 bytes).
    Removing utility_def.o(.data), (2 bytes).
    Removing utility_def.o(.data), (4 bytes).
    Removing utility_def.o(.data), (4 bytes).
    Removing utility_def.o(.data), (4 bytes).
    Removing utility_def.o(.data), (4 bytes).
    Removing bsp_key.o(.rev16_text), (4 bytes).
    Removing bsp_key.o(.revsh_text), (4 bytes).
    Removing bsp_key.o(.rrx_text), (6 bytes).
    Removing bsp_key.o(i.bsp_ClearKey), (12 bytes).
    Removing bsp_key.o(i.bsp_DetectFastIO), (132 bytes).
    Removing bsp_key.o(i.bsp_GetKey2), (36 bytes).
    Removing bsp_key.o(i.bsp_GetKeyState), (16 bytes).
    Removing bsp_key.o(i.bsp_KeyScan1ms), (20 bytes).
    Removing bsp_key.o(i.bsp_SetKeyParam), (20 bytes).
    Removing sample_keys_afl.o(.rev16_text), (4 bytes).
    Removing sample_keys_afl.o(.revsh_text), (4 bytes).
    Removing sample_keys_afl.o(.rrx_text), (6 bytes).
    Removing sample_keys_afl.o(i.ButtonConfig), (60 bytes).
    Removing sample_keys_afl.o(i.ButtonConfigInt), (88 bytes).
    Removing sample_keys_afl.o(i.ButtonScan), (52 bytes).
    Removing sample_keys_afl.o(i.PrintfHelp), (248 bytes).
    Removing sample_keys_afl.o(i.PrintfLogo), (300 bytes).

413 unused section(s) (total 22604 bytes) removed from the image.

==============================================================================

Image Symbol Table

    Local Symbols

    Symbol Name                              Value     Ov Type        Size  Object(Section)

    ../clib/angel/boardlib.s                 0x00000000   Number         0  boardshut.o ABSOLUTE
    ../clib/angel/boardlib.s                 0x00000000   Number         0  boardinit1.o ABSOLUTE
    ../clib/angel/boardlib.s                 0x00000000   Number         0  boardinit3.o ABSOLUTE
    ../clib/angel/boardlib.s                 0x00000000   Number         0  boardinit2.o ABSOLUTE
    ../clib/angel/handlers.s                 0x00000000   Number         0  __scatter_copy.o ABSOLUTE
    ../clib/angel/handlers.s                 0x00000000   Number         0  __scatter_zi.o ABSOLUTE
    ../clib/angel/kernel.s                   0x00000000   Number         0  __rtentry2.o ABSOLUTE
    ../clib/angel/kernel.s                   0x00000000   Number         0  __rtentry4.o ABSOLUTE
    ../clib/angel/kernel.s                   0x00000000   Number         0  rtexit2.o ABSOLUTE
    ../clib/angel/kernel.s                   0x00000000   Number         0  __rtentry.o ABSOLUTE
    ../clib/angel/kernel.s                   0x00000000   Number         0  rtexit.o ABSOLUTE
    ../clib/angel/rt.s                       0x00000000   Number         0  rt_raise.o ABSOLUTE
    ../clib/angel/rt.s                       0x00000000   Number         0  rt_errno_addr_intlibspace.o ABSOLUTE
    ../clib/angel/rt.s                       0x00000000   Number         0  rt_div0.o ABSOLUTE
    ../clib/angel/rt.s                       0x00000000   Number         0  rt_errno_addr.o ABSOLUTE
    ../clib/angel/rt.s                       0x00000000   Number         0  aeabi_ldiv0_sigfpe.o ABSOLUTE
    ../clib/angel/rt.s                       0x00000000   Number         0  aeabi_ldiv0.o ABSOLUTE
    ../clib/angel/scatter.s                  0x00000000   Number         0  __scatter.o ABSOLUTE
    ../clib/angel/startup.s                  0x00000000   Number         0  __main.o ABSOLUTE
    ../clib/angel/sys.s                      0x00000000   Number         0  use_no_semi_2.o ABSOLUTE
    ../clib/angel/sys.s                      0x00000000   Number         0  indicate_semi.o ABSOLUTE
    ../clib/angel/sys.s                      0x00000000   Number         0  use_no_semi.o ABSOLUTE
    ../clib/angel/sys.s                      0x00000000   Number         0  sys_stackheap_outer.o ABSOLUTE
    ../clib/angel/sys.s                      0x00000000   Number         0  libspace.o ABSOLUTE
    ../clib/angel/sysapp.c                   0x00000000   Number         0  sys_wrch.o ABSOLUTE
    ../clib/angel/sysapp.c                   0x00000000   Number         0  sys_command.o ABSOLUTE
    ../clib/armsys.c                         0x00000000   Number         0  no_argv.o ABSOLUTE
    ../clib/armsys.c                         0x00000000   Number         0  _get_argv_nomalloc.o ABSOLUTE
    ../clib/armsys.c                         0x00000000   Number         0  argv_veneer.o ABSOLUTE
    ../clib/armsys.c                         0x00000000   Number         0  argv_veneer.o ABSOLUTE
    ../clib/fenv.c                           0x00000000   Number         0  _rserrno.o ABSOLUTE
    ../clib/heapalloc.c                      0x00000000   Number         0  hrguard.o ABSOLUTE
    ../clib/heapaux.c                        0x00000000   Number         0  heapauxi.o ABSOLUTE
    ../clib/libinit.s                        0x00000000   Number         0  libshutdown.o ABSOLUTE
    ../clib/libinit.s                        0x00000000   Number         0  libshutdown2.o ABSOLUTE
    ../clib/libinit.s                        0x00000000   Number         0  libinit2.o ABSOLUTE
    ../clib/libinit.s                        0x00000000   Number         0  libinit.o ABSOLUTE
    ../clib/longlong.s                       0x00000000   Number         0  lludivv7m.o ABSOLUTE
    ../clib/memcpset.s                       0x00000000   Number         0  rt_memcpy_w.o ABSOLUTE
    ../clib/printf.c                         0x00000000   Number         0  __2printf.o ABSOLUTE
    ../clib/printf.c                         0x00000000   Number         0  noretval__2printf.o ABSOLUTE
    ../clib/printf.c                         0x00000000   Number         0  __printf_flags_wp.o ABSOLUTE
    ../clib/printf.c                         0x00000000   Number         0  __printf_flags_ss_wp.o ABSOLUTE
    ../clib/printf.c                         0x00000000   Number         0  _printf_char_common.o ABSOLUTE
    ../clib/printf.c                         0x00000000   Number         0  __printf_nopercent.o ABSOLUTE
    ../clib/printf.c                         0x00000000   Number         0  __printf_wp.o ABSOLUTE
    ../clib/printf.c                         0x00000000   Number         0  __printf_flags_ss.o ABSOLUTE
    ../clib/printf.c                         0x00000000   Number         0  __printf_ss.o ABSOLUTE
    ../clib/printf.c                         0x00000000   Number         0  __printf_flags.o ABSOLUTE
    ../clib/printf.c                         0x00000000   Number         0  _printf_dec.o ABSOLUTE
    ../clib/printf.c                         0x00000000   Number         0  _printf_str.o ABSOLUTE
    ../clib/printf.c                         0x00000000   Number         0  __printf.o ABSOLUTE
    ../clib/printf.c                         0x00000000   Number         0  _printf_intcommon.o ABSOLUTE
    ../clib/printf.c                         0x00000000   Number         0  _printf_char_file.o ABSOLUTE
    ../clib/printf.c                         0x00000000   Number         0  __printf_ss_wp.o ABSOLUTE
    ../clib/printf.c                         0x00000000   Number         0  _printf_char.o ABSOLUTE
    ../clib/printf_percent.s                 0x00000000   Number         0  _printf_d.o ABSOLUTE
    ../clib/printf_percent.s                 0x00000000   Number         0  _printf_percent.o ABSOLUTE
    ../clib/printf_percent.s                 0x00000000   Number         0  _printf_s.o ABSOLUTE
    ../clib/printf_percent.s                 0x00000000   Number         0  _printf_percent_end.o ABSOLUTE
    ../clib/signal.c                         0x00000000   Number         0  defsig_cppl_inner.o ABSOLUTE
    ../clib/signal.c                         0x00000000   Number         0  defsig_other.o ABSOLUTE
    ../clib/signal.c                         0x00000000   Number         0  defsig_segv_inner.o ABSOLUTE
    ../clib/signal.c                         0x00000000   Number         0  defsig_pvfn_inner.o ABSOLUTE
    ../clib/signal.c                         0x00000000   Number         0  defsig_stak_inner.o ABSOLUTE
    ../clib/signal.c                         0x00000000   Number         0  defsig_rtmem_formal.o ABSOLUTE
    ../clib/signal.c                         0x00000000   Number         0  defsig_rtmem_outer.o ABSOLUTE
    ../clib/signal.c                         0x00000000   Number         0  defsig_rtmem_inner.o ABSOLUTE
    ../clib/signal.c                         0x00000000   Number         0  defsig_rtred_inner.o ABSOLUTE
    ../clib/signal.c                         0x00000000   Number         0  defsig_abrt_inner.o ABSOLUTE
    ../clib/signal.c                         0x00000000   Number         0  __raise.o ABSOLUTE
    ../clib/signal.c                         0x00000000   Number         0  defsig_general.o ABSOLUTE
    ../clib/signal.c                         0x00000000   Number         0  defsig_fpe_inner.o ABSOLUTE
    ../clib/signal.c                         0x00000000   Number         0  defsig_exit.o ABSOLUTE
    ../clib/signal.c                         0x00000000   Number         0  defsig_fpe_formal.o ABSOLUTE
    ../clib/signal.c                         0x00000000   Number         0  defsig_fpe_outer.o ABSOLUTE
    ../clib/signal.s                         0x00000000   Number         0  defsig.o ABSOLUTE
    ../clib/stdio.c                          0x00000000   Number         0  ferror_locked.o ABSOLUTE
    ../clib/stdio.c                          0x00000000   Number         0  ferror.o ABSOLUTE
    ../clib/stdlib.c                         0x00000000   Number         0  exit.o ABSOLUTE
    ../fplib/basic.s                         0x00000000   Number         0  basic.o ABSOLUTE
    ../fplib/daddsub.s                       0x00000000   Number         0  daddsub_clz.o ABSOLUTE
    ../fplib/dcmpi.s                         0x00000000   Number         0  dcmpi.o ABSOLUTE
    ../fplib/ddiv.s                          0x00000000   Number         0  ddiv.o ABSOLUTE
    ../fplib/deqf.s                          0x00000000   Number         0  deqf.o ABSOLUTE
    ../fplib/dfixull.s                       0x00000000   Number         0  dfixull.o ABSOLUTE
    ../fplib/dflt.s                          0x00000000   Number         0  dflt_clz.o ABSOLUTE
    ../fplib/dmul.s                          0x00000000   Number         0  dmul.o ABSOLUTE
    ../fplib/dnaninf.s                       0x00000000   Number         0  dnaninf.o ABSOLUTE
    ../fplib/dretinf.s                       0x00000000   Number         0  dretinf.o ABSOLUTE
    ../fplib/fpinit.s                        0x00000000   Number         0  fpinit.o ABSOLUTE
    ../fplib/usenofp.s                       0x00000000   Number         0  usenofp.o ABSOLUTE
    ../mathlib/dunder.c                      0x00000000   Number         0  dunder.o ABSOLUTE
    ../mathlib/log.c                         0x00000000   Number         0  log.o ABSOLUTE
    ../mathlib/log.c                         0x00000000   Number         0  log_x.o ABSOLUTE
    ../mathlib/poly.c                        0x00000000   Number         0  poly.o ABSOLUTE
    ../mathlib/qnan.c                        0x00000000   Number         0  qnan.o ABSOLUTE
    ..\CORE\startup_stm32l496xx.s            0x00000000   Number         0  startup_stm32l496xx.o ABSOLUTE
    ..\FW-Embeded\ThisProject\project-conf\ThisProj_Glb.c 0x00000000   Number         0  thisproj_glb.o ABSOLUTE
    ..\FW-Embeded\ThisProject\psp\board\atk-pdr496ve\sample_key.c 0x00000000   Number         0  sample_key.o ABSOLUTE
    ..\FW-Embeded\ThisProject\psp\board\atk-pdr496ve\sample_led.c 0x00000000   Number         0  sample_led.o ABSOLUTE
    ..\FW-Embeded\ThisProject\psp\middw\Pack-Armfly\blink\bsp_key.c 0x00000000   Number         0  bsp_key.o ABSOLUTE
    ..\FW-Embeded\ThisProject\psp\middw\Pack-Armfly\blink\sample_keys_afl.c 0x00000000   Number         0  sample_keys_afl.o ABSOLUTE
    ..\FW-Embeded\ThisProject\psp\resource\res_gpio.c 0x00000000   Number         0  res_gpio.o ABSOLUTE
    ..\FW-Embeded\ThisProject\psp\resource\res_uart.c 0x00000000   Number         0  res_uart.o ABSOLUTE
    ..\FW-Embeded\ThisProject\psp\utility\utility_def.c 0x00000000   Number         0  utility_def.o ABSOLUTE
    ..\HALLIB\STM32L4xx_HAL_Driver\Src\stm32l4xx_hal.c 0x00000000   Number         0  stm32l4xx_hal.o ABSOLUTE
    ..\HALLIB\STM32L4xx_HAL_Driver\Src\stm32l4xx_hal_cortex.c 0x00000000   Number         0  stm32l4xx_hal_cortex.o ABSOLUTE
    ..\HALLIB\STM32L4xx_HAL_Driver\Src\stm32l4xx_hal_dma.c 0x00000000   Number         0  stm32l4xx_hal_dma.o ABSOLUTE
    ..\HALLIB\STM32L4xx_HAL_Driver\Src\stm32l4xx_hal_dma_ex.c 0x00000000   Number         0  stm32l4xx_hal_dma_ex.o ABSOLUTE
    ..\HALLIB\STM32L4xx_HAL_Driver\Src\stm32l4xx_hal_gpio.c 0x00000000   Number         0  stm32l4xx_hal_gpio.o ABSOLUTE
    ..\HALLIB\STM32L4xx_HAL_Driver\Src\stm32l4xx_hal_pwr.c 0x00000000   Number         0  stm32l4xx_hal_pwr.o ABSOLUTE
    ..\HALLIB\STM32L4xx_HAL_Driver\Src\stm32l4xx_hal_pwr_ex.c 0x00000000   Number         0  stm32l4xx_hal_pwr_ex.o ABSOLUTE
    ..\HALLIB\STM32L4xx_HAL_Driver\Src\stm32l4xx_hal_rcc.c 0x00000000   Number         0  stm32l4xx_hal_rcc.o ABSOLUTE
    ..\HALLIB\STM32L4xx_HAL_Driver\Src\stm32l4xx_hal_rcc_ex.c 0x00000000   Number         0  stm32l4xx_hal_rcc_ex.o ABSOLUTE
    ..\HALLIB\STM32L4xx_HAL_Driver\Src\stm32l4xx_hal_uart.c 0x00000000   Number         0  stm32l4xx_hal_uart.o ABSOLUTE
    ..\HALLIB\STM32L4xx_HAL_Driver\Src\stm32l4xx_hal_uart_ex.c 0x00000000   Number         0  stm32l4xx_hal_uart_ex.o ABSOLUTE
    ..\HALLIB\STM32L4xx_HAL_Driver\Src\stm32l4xx_hal_usart.c 0x00000000   Number         0  stm32l4xx_hal_usart.o ABSOLUTE
    ..\HALLIB\STM32L4xx_HAL_Driver\Src\stm32l4xx_hal_usart_ex.c 0x00000000   Number         0  stm32l4xx_hal_usart_ex.o ABSOLUTE
    ..\HARDWARE\BEEP\beep.c                  0x00000000   Number         0  beep.o ABSOLUTE
    ..\HARDWARE\KEY\key.c                    0x00000000   Number         0  key.o ABSOLUTE
    ..\HARDWARE\LED\led.c                    0x00000000   Number         0  led.o ABSOLUTE
    ..\SYSTEM\delay\delay.c                  0x00000000   Number         0  delay.o ABSOLUTE
    ..\SYSTEM\sys\sys.c                      0x00000000   Number         0  sys.o ABSOLUTE
    ..\SYSTEM\usart\usart.c                  0x00000000   Number         0  usart.o ABSOLUTE
    ..\\FW-Embeded\\ThisProject\\project-conf\\ThisProj_Glb.c 0x00000000   Number         0  thisproj_glb.o ABSOLUTE
    ..\\FW-Embeded\\ThisProject\\psp\\board\\atk-pdr496ve\\sample_key.c 0x00000000   Number         0  sample_key.o ABSOLUTE
    ..\\FW-Embeded\\ThisProject\\psp\\board\\atk-pdr496ve\\sample_led.c 0x00000000   Number         0  sample_led.o ABSOLUTE
    ..\\FW-Embeded\\ThisProject\\psp\\middw\\Pack-Armfly\\blink\\bsp_key.c 0x00000000   Number         0  bsp_key.o ABSOLUTE
    ..\\FW-Embeded\\ThisProject\\psp\\middw\\Pack-Armfly\\blink\\sample_keys_afl.c 0x00000000   Number         0  sample_keys_afl.o ABSOLUTE
    ..\\FW-Embeded\\ThisProject\\psp\\resource\\res_gpio.c 0x00000000   Number         0  res_gpio.o ABSOLUTE
    ..\\FW-Embeded\\ThisProject\\psp\\resource\\res_uart.c 0x00000000   Number         0  res_uart.o ABSOLUTE
    ..\\FW-Embeded\\ThisProject\\psp\\utility\\utility_def.c 0x00000000   Number         0  utility_def.o ABSOLUTE
    ..\\HALLIB\\STM32L4xx_HAL_Driver\\Src\\stm32l4xx_hal.c 0x00000000   Number         0  stm32l4xx_hal.o ABSOLUTE
    ..\\HALLIB\\STM32L4xx_HAL_Driver\\Src\\stm32l4xx_hal_cortex.c 0x00000000   Number         0  stm32l4xx_hal_cortex.o ABSOLUTE
    ..\\HALLIB\\STM32L4xx_HAL_Driver\\Src\\stm32l4xx_hal_dma.c 0x00000000   Number         0  stm32l4xx_hal_dma.o ABSOLUTE
    ..\\HALLIB\\STM32L4xx_HAL_Driver\\Src\\stm32l4xx_hal_dma_ex.c 0x00000000   Number         0  stm32l4xx_hal_dma_ex.o ABSOLUTE
    ..\\HALLIB\\STM32L4xx_HAL_Driver\\Src\\stm32l4xx_hal_gpio.c 0x00000000   Number         0  stm32l4xx_hal_gpio.o ABSOLUTE
    ..\\HALLIB\\STM32L4xx_HAL_Driver\\Src\\stm32l4xx_hal_pwr.c 0x00000000   Number         0  stm32l4xx_hal_pwr.o ABSOLUTE
    ..\\HALLIB\\STM32L4xx_HAL_Driver\\Src\\stm32l4xx_hal_pwr_ex.c 0x00000000   Number         0  stm32l4xx_hal_pwr_ex.o ABSOLUTE
    ..\\HALLIB\\STM32L4xx_HAL_Driver\\Src\\stm32l4xx_hal_rcc.c 0x00000000   Number         0  stm32l4xx_hal_rcc.o ABSOLUTE
    ..\\HALLIB\\STM32L4xx_HAL_Driver\\Src\\stm32l4xx_hal_rcc_ex.c 0x00000000   Number         0  stm32l4xx_hal_rcc_ex.o ABSOLUTE
    ..\\HALLIB\\STM32L4xx_HAL_Driver\\Src\\stm32l4xx_hal_uart.c 0x00000000   Number         0  stm32l4xx_hal_uart.o ABSOLUTE
    ..\\HALLIB\\STM32L4xx_HAL_Driver\\Src\\stm32l4xx_hal_uart_ex.c 0x00000000   Number         0  stm32l4xx_hal_uart_ex.o ABSOLUTE
    ..\\HALLIB\\STM32L4xx_HAL_Driver\\Src\\stm32l4xx_hal_usart.c 0x00000000   Number         0  stm32l4xx_hal_usart.o ABSOLUTE
    ..\\HALLIB\\STM32L4xx_HAL_Driver\\Src\\stm32l4xx_hal_usart_ex.c 0x00000000   Number         0  stm32l4xx_hal_usart_ex.o ABSOLUTE
    ..\\HARDWARE\\BEEP\\beep.c               0x00000000   Number         0  beep.o ABSOLUTE
    ..\\HARDWARE\\KEY\\key.c                 0x00000000   Number         0  key.o ABSOLUTE
    ..\\HARDWARE\\LED\\led.c                 0x00000000   Number         0  led.o ABSOLUTE
    ..\\SYSTEM\\delay\\delay.c               0x00000000   Number         0  delay.o ABSOLUTE
    ..\\SYSTEM\\sys\\sys.c                   0x00000000   Number         0  sys.o ABSOLUTE
    ..\\SYSTEM\\usart\\usart.c               0x00000000   Number         0  usart.o ABSOLUTE
    dc.s                                     0x00000000   Number         0  dc.o ABSOLUTE
    main.c                                   0x00000000   Number         0  main.o ABSOLUTE
    main.c                                   0x00000000   Number         0  main.o ABSOLUTE
    stm32l4xx_it.c                           0x00000000   Number         0  stm32l4xx_it.o ABSOLUTE
    stm32l4xx_it.c                           0x00000000   Number         0  stm32l4xx_it.o ABSOLUTE
    system_stm32l4xx.c                       0x00000000   Number         0  system_stm32l4xx.o ABSOLUTE
    system_stm32l4xx.c                       0x00000000   Number         0  system_stm32l4xx.o ABSOLUTE
    RESET                                    0x08000000   Section      428  startup_stm32l496xx.o(RESET)
    !!!main                                  0x080001ac   Section        8  __main.o(!!!main)
    !!!scatter                               0x080001b4   Section       52  __scatter.o(!!!scatter)
    !!handler_copy                           0x080001e8   Section       26  __scatter_copy.o(!!handler_copy)
    !!handler_zi                             0x08000204   Section       28  __scatter_zi.o(!!handler_zi)
    .ARM.Collect$$_printf_percent$$00000000  0x08000220   Section        0  _printf_percent.o(.ARM.Collect$$_printf_percent$$00000000)
    .ARM.Collect$$_printf_percent$$00000009  0x08000220   Section        6  _printf_d.o(.ARM.Collect$$_printf_percent$$00000009)
    .ARM.Collect$$_printf_percent$$00000017  0x08000226   Section        4  _printf_percent_end.o(.ARM.Collect$$_printf_percent$$00000017)
    .ARM.Collect$$libinit$$00000000          0x0800022a   Section        2  libinit.o(.ARM.Collect$$libinit$$00000000)
    .ARM.Collect$$libinit$$00000001          0x0800022c   Section        4  libinit2.o(.ARM.Collect$$libinit$$00000001)
    .ARM.Collect$$libinit$$00000004          0x08000230   Section        0  libinit2.o(.ARM.Collect$$libinit$$00000004)
    .ARM.Collect$$libinit$$0000000A          0x08000230   Section        0  libinit2.o(.ARM.Collect$$libinit$$0000000A)
    .ARM.Collect$$libinit$$0000000C          0x08000230   Section        0  libinit2.o(.ARM.Collect$$libinit$$0000000C)
    .ARM.Collect$$libinit$$0000000E          0x08000230   Section        0  libinit2.o(.ARM.Collect$$libinit$$0000000E)
    .ARM.Collect$$libinit$$00000011          0x08000230   Section        0  libinit2.o(.ARM.Collect$$libinit$$00000011)
    .ARM.Collect$$libinit$$00000013          0x08000230   Section        0  libinit2.o(.ARM.Collect$$libinit$$00000013)
    .ARM.Collect$$libinit$$00000015          0x08000230   Section        0  libinit2.o(.ARM.Collect$$libinit$$00000015)
    .ARM.Collect$$libinit$$00000017          0x08000230   Section        0  libinit2.o(.ARM.Collect$$libinit$$00000017)
    .ARM.Collect$$libinit$$00000019          0x08000230   Section        0  libinit2.o(.ARM.Collect$$libinit$$00000019)
    .ARM.Collect$$libinit$$0000001B          0x08000230   Section        0  libinit2.o(.ARM.Collect$$libinit$$0000001B)
    .ARM.Collect$$libinit$$0000001D          0x08000230   Section        0  libinit2.o(.ARM.Collect$$libinit$$0000001D)
    .ARM.Collect$$libinit$$0000001F          0x08000230   Section        0  libinit2.o(.ARM.Collect$$libinit$$0000001F)
    .ARM.Collect$$libinit$$00000021          0x08000230   Section        0  libinit2.o(.ARM.Collect$$libinit$$00000021)
    .ARM.Collect$$libinit$$00000023          0x08000230   Section        0  libinit2.o(.ARM.Collect$$libinit$$00000023)
    .ARM.Collect$$libinit$$00000025          0x08000230   Section        0  libinit2.o(.ARM.Collect$$libinit$$00000025)
    .ARM.Collect$$libinit$$0000002C          0x08000230   Section        0  libinit2.o(.ARM.Collect$$libinit$$0000002C)
    .ARM.Collect$$libinit$$0000002E          0x08000230   Section        0  libinit2.o(.ARM.Collect$$libinit$$0000002E)
    .ARM.Collect$$libinit$$00000030          0x08000230   Section        0  libinit2.o(.ARM.Collect$$libinit$$00000030)
    .ARM.Collect$$libinit$$00000032          0x08000230   Section        0  libinit2.o(.ARM.Collect$$libinit$$00000032)
    .ARM.Collect$$libinit$$00000033          0x08000230   Section        2  libinit2.o(.ARM.Collect$$libinit$$00000033)
    .ARM.Collect$$libshutdown$$00000000      0x08000232   Section        2  libshutdown.o(.ARM.Collect$$libshutdown$$00000000)
    .ARM.Collect$$libshutdown$$00000002      0x08000234   Section        0  libshutdown2.o(.ARM.Collect$$libshutdown$$00000002)
    .ARM.Collect$$libshutdown$$00000004      0x08000234   Section        0  libshutdown2.o(.ARM.Collect$$libshutdown$$00000004)
    .ARM.Collect$$libshutdown$$00000006      0x08000234   Section        0  libshutdown2.o(.ARM.Collect$$libshutdown$$00000006)
    .ARM.Collect$$libshutdown$$00000009      0x08000234   Section        0  libshutdown2.o(.ARM.Collect$$libshutdown$$00000009)
    .ARM.Collect$$libshutdown$$0000000C      0x08000234   Section        0  libshutdown2.o(.ARM.Collect$$libshutdown$$0000000C)
    .ARM.Collect$$libshutdown$$0000000E      0x08000234   Section        0  libshutdown2.o(.ARM.Collect$$libshutdown$$0000000E)
    .ARM.Collect$$libshutdown$$00000011      0x08000234   Section        0  libshutdown2.o(.ARM.Collect$$libshutdown$$00000011)
    .ARM.Collect$$libshutdown$$00000012      0x08000234   Section        2  libshutdown2.o(.ARM.Collect$$libshutdown$$00000012)
    .ARM.Collect$$rtentry$$00000000          0x08000236   Section        0  __rtentry.o(.ARM.Collect$$rtentry$$00000000)
    .ARM.Collect$$rtentry$$00000002          0x08000236   Section        0  __rtentry2.o(.ARM.Collect$$rtentry$$00000002)
    .ARM.Collect$$rtentry$$00000004          0x08000236   Section        6  __rtentry4.o(.ARM.Collect$$rtentry$$00000004)
    .ARM.Collect$$rtentry$$00000009          0x0800023c   Section        0  __rtentry2.o(.ARM.Collect$$rtentry$$00000009)
    .ARM.Collect$$rtentry$$0000000A          0x0800023c   Section        4  __rtentry2.o(.ARM.Collect$$rtentry$$0000000A)
    .ARM.Collect$$rtentry$$0000000C          0x08000240   Section        0  __rtentry2.o(.ARM.Collect$$rtentry$$0000000C)
    .ARM.Collect$$rtentry$$0000000D          0x08000240   Section        8  __rtentry2.o(.ARM.Collect$$rtentry$$0000000D)
    .ARM.Collect$$rtexit$$00000000           0x08000248   Section        2  rtexit.o(.ARM.Collect$$rtexit$$00000000)
    .ARM.Collect$$rtexit$$00000002           0x0800024a   Section        0  rtexit2.o(.ARM.Collect$$rtexit$$00000002)
    .ARM.Collect$$rtexit$$00000003           0x0800024a   Section        4  rtexit2.o(.ARM.Collect$$rtexit$$00000003)
    .ARM.Collect$$rtexit$$00000004           0x0800024e   Section        6  rtexit2.o(.ARM.Collect$$rtexit$$00000004)
    .text                                    0x08000254   Section       64  startup_stm32l496xx.o(.text)
    $v0                                      0x08000254   Number         0  startup_stm32l496xx.o(.text)
    .text                                    0x08000294   Section        2  use_no_semi_2.o(.text)
    .text                                    0x08000296   Section      238  lludivv7m.o(.text)
    .text                                    0x08000384   Section        0  noretval__2printf.o(.text)
    .text                                    0x0800039c   Section        0  __printf.o(.text)
    .text                                    0x08000404   Section        0  _printf_dec.o(.text)
    .text                                    0x0800047c   Section      100  rt_memcpy_w.o(.text)
    .text                                    0x080004e0   Section        0  heapauxi.o(.text)
    .text                                    0x080004e6   Section        2  use_no_semi.o(.text)
    .text                                    0x080004e8   Section        0  _printf_intcommon.o(.text)
    .text                                    0x0800059c   Section        0  _printf_char_file.o(.text)
    .text                                    0x080005c0   Section        0  _printf_char_common.o(.text)
    _printf_input_char                       0x080005c1   Thumb Code    10  _printf_char_common.o(.text)
    .text                                    0x080005f0   Section        0  ferror.o(.text)
    .text                                    0x080005f8   Section        8  libspace.o(.text)
    .text                                    0x08000600   Section       74  sys_stackheap_outer.o(.text)
    .text                                    0x0800064a   Section        0  exit.o(.text)
    i.BEEP_Init                              0x0800065c   Section        0  beep.o(i.BEEP_Init)
    i.BusFault_Handler                       0x080006a0   Section        0  stm32l4xx_it.o(i.BusFault_Handler)
    i.DebugMon_Handler                       0x080006a2   Section        0  stm32l4xx_it.o(i.DebugMon_Handler)
    i.EXTI9_5_IRQHandler                     0x080006a4   Section        0  sample_keys_afl.o(i.EXTI9_5_IRQHandler)
    i.HAL_DMA_Abort_IT                       0x080006ac   Section        0  stm32l4xx_hal_dma.o(i.HAL_DMA_Abort_IT)
    i.HAL_Delay                              0x080006fa   Section        0  stm32l4xx_hal.o(i.HAL_Delay)
    i.HAL_GPIO_EXTI_Callback                 0x08000718   Section        0  sample_keys_afl.o(i.HAL_GPIO_EXTI_Callback)
    i.HAL_GPIO_EXTI_IRQHandler               0x0800074c   Section        0  stm32l4xx_hal_gpio.o(i.HAL_GPIO_EXTI_IRQHandler)
    i.HAL_GPIO_Init                          0x08000764   Section        0  stm32l4xx_hal_gpio.o(i.HAL_GPIO_Init)
    i.HAL_GPIO_ReadPin                       0x08000922   Section        0  stm32l4xx_hal_gpio.o(i.HAL_GPIO_ReadPin)
    i.HAL_GPIO_WritePin                      0x0800092c   Section        0  stm32l4xx_hal_gpio.o(i.HAL_GPIO_WritePin)
    i.HAL_GetTick                            0x08000938   Section        0  stm32l4xx_hal.o(i.HAL_GetTick)
    i.HAL_IncTick                            0x08000944   Section        0  stm32l4xx_hal.o(i.HAL_IncTick)
    i.HAL_Init                               0x08000954   Section        0  stm32l4xx_hal.o(i.HAL_Init)
    i.HAL_InitTick                           0x08000974   Section        0  stm32l4xx_hal.o(i.HAL_InitTick)
    i.HAL_MspInit                            0x080009a4   Section        0  stm32l4xx_hal.o(i.HAL_MspInit)
    i.HAL_NVIC_EnableIRQ                     0x080009a6   Section        0  stm32l4xx_hal_cortex.o(i.HAL_NVIC_EnableIRQ)
    i.HAL_NVIC_SetPriority                   0x080009bc   Section        0  stm32l4xx_hal_cortex.o(i.HAL_NVIC_SetPriority)
    i.HAL_NVIC_SetPriorityGrouping           0x080009fc   Section        0  stm32l4xx_hal_cortex.o(i.HAL_NVIC_SetPriorityGrouping)
    i.HAL_PWREx_ControlVoltageScaling        0x08000a20   Section        0  stm32l4xx_hal_pwr_ex.o(i.HAL_PWREx_ControlVoltageScaling)
    i.HAL_PWREx_GetVoltageRange              0x08000a88   Section        0  stm32l4xx_hal_pwr_ex.o(i.HAL_PWREx_GetVoltageRange)
    i.HAL_RCC_ClockConfig                    0x08000a98   Section        0  stm32l4xx_hal_rcc.o(i.HAL_RCC_ClockConfig)
    i.HAL_RCC_GetPCLK1Freq                   0x08000bbc   Section        0  stm32l4xx_hal_rcc.o(i.HAL_RCC_GetPCLK1Freq)
    i.HAL_RCC_GetPCLK2Freq                   0x08000be0   Section        0  stm32l4xx_hal_rcc.o(i.HAL_RCC_GetPCLK2Freq)
    i.HAL_RCC_GetSysClockFreq                0x08000c04   Section        0  stm32l4xx_hal_rcc.o(i.HAL_RCC_GetSysClockFreq)
    i.HAL_RCC_OscConfig                      0x08000cac   Section        0  stm32l4xx_hal_rcc.o(i.HAL_RCC_OscConfig)
    i.HAL_SYSTICK_CLKSourceConfig            0x0800115c   Section        0  stm32l4xx_hal_cortex.o(i.HAL_SYSTICK_CLKSourceConfig)
    i.HAL_SYSTICK_Config                     0x08001174   Section        0  stm32l4xx_hal_cortex.o(i.HAL_SYSTICK_Config)
    i.HAL_UARTEx_WakeupCallback              0x0800119c   Section        0  stm32l4xx_hal_uart_ex.o(i.HAL_UARTEx_WakeupCallback)
    i.HAL_UART_ErrorCallback                 0x0800119e   Section        0  stm32l4xx_hal_uart.o(i.HAL_UART_ErrorCallback)
    i.HAL_UART_IRQHandler                    0x080011a0   Section        0  stm32l4xx_hal_uart.o(i.HAL_UART_IRQHandler)
    i.HAL_UART_Init                          0x080012e4   Section        0  stm32l4xx_hal_uart.o(i.HAL_UART_Init)
    i.HAL_UART_MspInit                       0x08001350   Section        0  usart.o(i.HAL_UART_MspInit)
    i.HAL_UART_Receive                       0x080013b8   Section        0  stm32l4xx_hal_uart.o(i.HAL_UART_Receive)
    i.HAL_UART_TxCpltCallback                0x080014a6   Section        0  stm32l4xx_hal_uart.o(i.HAL_UART_TxCpltCallback)
    i.HardFault_Handler                      0x080014a8   Section        0  stm32l4xx_it.o(i.HardFault_Handler)
    i.IsKeyDownFunc                          0x080014aa   Section        0  bsp_key.o(i.IsKeyDownFunc)
    IsKeyDownFunc                            0x080014ab   Thumb Code    96  bsp_key.o(i.IsKeyDownFunc)
    i.KEY_Scan                               0x0800150c   Section        0  key.o(i.KEY_Scan)
    i.KeyPinActive                           0x080015f0   Section        0  bsp_key.o(i.KeyPinActive)
    KeyPinActive                             0x080015f1   Thumb Code    34  bsp_key.o(i.KeyPinActive)
    i.MemManage_Handler                      0x08001618   Section        0  stm32l4xx_it.o(i.MemManage_Handler)
    i.NMI_Handler                            0x0800161a   Section        0  stm32l4xx_it.o(i.NMI_Handler)
    i.NVIC_SetPriority                       0x0800161c   Section        0  stm32l4xx_hal_cortex.o(i.NVIC_SetPriority)
    NVIC_SetPriority                         0x0800161d   Thumb Code    32  stm32l4xx_hal_cortex.o(i.NVIC_SetPriority)
    i.PendSV_Handler                         0x0800163c   Section        0  stm32l4xx_it.o(i.PendSV_Handler)
    i.RCC_SetFlashLatencyFromMSIRange        0x08001640   Section        0  stm32l4xx_hal_rcc.o(i.RCC_SetFlashLatencyFromMSIRange)
    RCC_SetFlashLatencyFromMSIRange          0x08001641   Thumb Code   116  stm32l4xx_hal_rcc.o(i.RCC_SetFlashLatencyFromMSIRange)
    i.SVC_Handler                            0x080016bc   Section        0  stm32l4xx_it.o(i.SVC_Handler)
    i.SysTick_Handler                        0x080016be   Section        0  stm32l4xx_it.o(i.SysTick_Handler)
    i.SystemClock_Config                     0x080016c4   Section        0  sys.o(i.SystemClock_Config)
    i.SystemInit                             0x08001734   Section        0  system_stm32l4xx.o(i.SystemInit)
    i.UART_AdvFeatureConfig                  0x08001778   Section        0  stm32l4xx_hal_uart.o(i.UART_AdvFeatureConfig)
    i.UART_CheckIdleState                    0x08001840   Section        0  stm32l4xx_hal_uart.o(i.UART_CheckIdleState)
    i.UART_DMAAbortOnError                   0x0800189c   Section        0  stm32l4xx_hal_uart.o(i.UART_DMAAbortOnError)
    UART_DMAAbortOnError                     0x0800189d   Thumb Code    20  stm32l4xx_hal_uart.o(i.UART_DMAAbortOnError)
    i.UART_EndRxTransfer                     0x080018b0   Section        0  stm32l4xx_hal_uart.o(i.UART_EndRxTransfer)
    UART_EndRxTransfer                       0x080018b1   Thumb Code    32  stm32l4xx_hal_uart.o(i.UART_EndRxTransfer)
    i.UART_SetConfig                         0x080018d0   Section        0  stm32l4xx_hal_uart.o(i.UART_SetConfig)
    i.UART_WaitOnFlagUntilTimeout            0x08001b8c   Section        0  stm32l4xx_hal_uart.o(i.UART_WaitOnFlagUntilTimeout)
    i.USART1_IRQHandler                      0x08001bf0   Section        0  usart.o(i.USART1_IRQHandler)
    i.UsageFault_Handler                     0x08001c5c   Section        0  stm32l4xx_it.o(i.UsageFault_Handler)
    i._sys_exit                              0x08001c5e   Section        0  usart.o(i._sys_exit)
    i.app_samp_leds_init                     0x08001c60   Section        0  sample_led.o(i.app_samp_leds_init)
    i.bsp_DetectKey                          0x08001cf0   Section        0  bsp_key.o(i.bsp_DetectKey)
    bsp_DetectKey                            0x08001cf1   Thumb Code   168  bsp_key.o(i.bsp_DetectKey)
    i.bsp_GetKey                             0x08001d9c   Section        0  bsp_key.o(i.bsp_GetKey)
    i.bsp_InitKey                            0x08001dc0   Section        0  bsp_key.o(i.bsp_InitKey)
    i.bsp_InitKeyHard                        0x08001df8   Section        0  bsp_key.o(i.bsp_InitKeyHard)
    bsp_InitKeyHard                          0x08001df9   Thumb Code    80  bsp_key.o(i.bsp_InitKeyHard)
    i.bsp_KeyScan10ms                        0x08001e50   Section        0  bsp_key.o(i.bsp_KeyScan10ms)
    i.bsp_PutKey                             0x08001e64   Section        0  bsp_key.o(i.bsp_PutKey)
    i.fputc                                  0x08001e80   Section        0  usart.o(i.fputc)
    i.main                                   0x08001e98   Section        0  main.o(i.main)
    i.sample_afl_keys                        0x08001f38   Section        0  sample_keys_afl.o(i.sample_afl_keys)
    i.stkdly_init                            0x0800202c   Section        0  delay.o(i.stkdly_init)
    i.stkdly_ms                              0x08002040   Section        0  delay.o(i.stkdly_ms)
    i.stkdly_us                              0x0800205c   Section        0  delay.o(i.stkdly_us)
    i.uart_init                              0x08002090   Section        0  usart.o(i.uart_init)
    x$fpl$fpinit                             0x080020d4   Section       10  fpinit.o(x$fpl$fpinit)
    $v0                                      0x080020d4   Number         0  fpinit.o(x$fpl$fpinit)
    .constdata                               0x080020e0   Section       64  system_stm32l4xx.o(.constdata)
    .constdata                               0x08002120   Section        8  system_stm32l4xx.o(.constdata)
    .constdata                               0x08002128   Section       20  sample_led.o(.constdata)
    .constdata                               0x0800213c   Section       64  bsp_key.o(.constdata)
    s_gpio_list                              0x0800213c   Data          64  bsp_key.o(.constdata)
    .data                                    0x20000000   Section        4  system_stm32l4xx.o(.data)
    .data                                    0x20000004   Section        4  stm32l4xx_hal.o(.data)
    .data                                    0x20000008   Section        4  delay.o(.data)
    fac_us                                   0x20000008   Data           4  delay.o(.data)
    .data                                    0x2000000c   Section        2  usart.o(.data)
    .data                                    0x20000010   Section        4  usart.o(.data)
    .data                                    0x20000014   Section        1  key.o(.data)
    key_up                                   0x20000014   Data           1  key.o(.data)
    .data                                    0x20000018   Section       48  sample_led.o(.data)
    .data                                    0x20000048   Section        7  bsp_key.o(.data)
    .bss                                     0x20000050   Section      320  usart.o(.bss)
    .bss                                     0x20000190   Section       96  bsp_key.o(.bss)
    .bss                                     0x200001f0   Section       96  libspace.o(.bss)
    HEAP                                     0x20000250   Section      512  startup_stm32l496xx.o(HEAP)
    Heap_Mem                                 0x20000250   Data         512  startup_stm32l496xx.o(HEAP)
    STACK                                    0x20000450   Section     1024  startup_stm32l496xx.o(STACK)
    Stack_Mem                                0x20000450   Data        1024  startup_stm32l496xx.o(STACK)
    __initial_sp                             0x20000850   Data           0  startup_stm32l496xx.o(STACK)

    Global Symbols

    Symbol Name                              Value     Ov Type        Size  Object(Section)

    BuildAttributes$$THM_ISAv4$E$P$D$K$B$S$7EM$VFPi3$EXTD16$VFPS$VFMA$PE$A:L22UL41UL21$X:L11$S22US41US21$IEEE1$IW$USESV6$~STKCKD$USESV7$~SHL$OTIME$ROPI$IEEEX$EBA8$UX$STANDARDLIB$REQ8$PRES8$EABIv2 0x00000000   Number         0  anon$$obj.o ABSOLUTE
    __ARM_use_no_argv                        0x00000000   Number         0  main.o ABSOLUTE
    __ARM_exceptions_init                     - Undefined Weak Reference
    __alloca_initialize                       - Undefined Weak Reference
    __arm_fini_                               - Undefined Weak Reference
    __arm_preinit_                            - Undefined Weak Reference
    __cpp_initialize__aeabi_                  - Undefined Weak Reference
    __cxa_finalize                            - Undefined Weak Reference
    __rt_locale                               - Undefined Weak Reference
    __sigvec_lookup                           - Undefined Weak Reference
    _atexit_init                              - Undefined Weak Reference
    _call_atexit_fns                          - Undefined Weak Reference
    _clock_init                               - Undefined Weak Reference
    _fp_trap_init                             - Undefined Weak Reference
    _fp_trap_shutdown                         - Undefined Weak Reference
    _get_lc_collate                           - Undefined Weak Reference
    _get_lc_ctype                             - Undefined Weak Reference
    _get_lc_monetary                          - Undefined Weak Reference
    _get_lc_numeric                           - Undefined Weak Reference
    _get_lc_time                              - Undefined Weak Reference
    _getenv_init                              - Undefined Weak Reference
    _handle_redirection                       - Undefined Weak Reference
    _init_alloc                               - Undefined Weak Reference
    _init_user_alloc                          - Undefined Weak Reference
    _initio                                   - Undefined Weak Reference
    _mutex_acquire                            - Undefined Weak Reference
    _mutex_release                            - Undefined Weak Reference
    _printf_mbtowc                            - Undefined Weak Reference
    _printf_post_padding                      - Undefined Weak Reference
    _printf_pre_padding                       - Undefined Weak Reference
    _printf_truncate_signed                   - Undefined Weak Reference
    _printf_truncate_unsigned                 - Undefined Weak Reference
    _rand_init                                - Undefined Weak Reference
    _signal_finish                            - Undefined Weak Reference
    _signal_init                              - Undefined Weak Reference
    _terminate_alloc                          - Undefined Weak Reference
    _terminate_user_alloc                     - Undefined Weak Reference
    _terminateio                              - Undefined Weak Reference
    __Vectors_Size                           0x000001ac   Number         0  startup_stm32l496xx.o ABSOLUTE
    __Vectors                                0x08000000   Data           4  startup_stm32l496xx.o(RESET)
    __Vectors_End                            0x080001ac   Data           0  startup_stm32l496xx.o(RESET)
    __main                                   0x080001ad   Thumb Code     8  __main.o(!!!main)
    __scatterload                            0x080001b5   Thumb Code     0  __scatter.o(!!!scatter)
    __scatterload_rt2                        0x080001b5   Thumb Code    44  __scatter.o(!!!scatter)
    __scatterload_rt2_thumb_only             0x080001b5   Thumb Code     0  __scatter.o(!!!scatter)
    __scatterload_null                       0x080001c3   Thumb Code     0  __scatter.o(!!!scatter)
    __scatterload_copy                       0x080001e9   Thumb Code    26  __scatter_copy.o(!!handler_copy)
    __scatterload_zeroinit                   0x08000205   Thumb Code    28  __scatter_zi.o(!!handler_zi)
    _printf_d                                0x08000221   Thumb Code     0  _printf_d.o(.ARM.Collect$$_printf_percent$$00000009)
    _printf_percent                          0x08000221   Thumb Code     0  _printf_percent.o(.ARM.Collect$$_printf_percent$$00000000)
    _printf_percent_end                      0x08000227   Thumb Code     0  _printf_percent_end.o(.ARM.Collect$$_printf_percent$$00000017)
    __rt_lib_init                            0x0800022b   Thumb Code     0  libinit.o(.ARM.Collect$$libinit$$00000000)
    __rt_lib_init_fp_1                       0x0800022d   Thumb Code     0  libinit2.o(.ARM.Collect$$libinit$$00000001)
    __rt_lib_init_alloca_1                   0x08000231   Thumb Code     0  libinit2.o(.ARM.Collect$$libinit$$0000002E)
    __rt_lib_init_argv_1                     0x08000231   Thumb Code     0  libinit2.o(.ARM.Collect$$libinit$$0000002C)
    __rt_lib_init_atexit_1                   0x08000231   Thumb Code     0  libinit2.o(.ARM.Collect$$libinit$$0000001B)
    __rt_lib_init_clock_1                    0x08000231   Thumb Code     0  libinit2.o(.ARM.Collect$$libinit$$00000021)
    __rt_lib_init_cpp_1                      0x08000231   Thumb Code     0  libinit2.o(.ARM.Collect$$libinit$$00000032)
    __rt_lib_init_exceptions_1               0x08000231   Thumb Code     0  libinit2.o(.ARM.Collect$$libinit$$00000030)
    __rt_lib_init_fp_trap_1                  0x08000231   Thumb Code     0  libinit2.o(.ARM.Collect$$libinit$$0000001F)
    __rt_lib_init_getenv_1                   0x08000231   Thumb Code     0  libinit2.o(.ARM.Collect$$libinit$$00000023)
    __rt_lib_init_heap_1                     0x08000231   Thumb Code     0  libinit2.o(.ARM.Collect$$libinit$$0000000A)
    __rt_lib_init_lc_collate_1               0x08000231   Thumb Code     0  libinit2.o(.ARM.Collect$$libinit$$00000011)
    __rt_lib_init_lc_ctype_1                 0x08000231   Thumb Code     0  libinit2.o(.ARM.Collect$$libinit$$00000013)
    __rt_lib_init_lc_monetary_1              0x08000231   Thumb Code     0  libinit2.o(.ARM.Collect$$libinit$$00000015)
    __rt_lib_init_lc_numeric_1               0x08000231   Thumb Code     0  libinit2.o(.ARM.Collect$$libinit$$00000017)
    __rt_lib_init_lc_time_1                  0x08000231   Thumb Code     0  libinit2.o(.ARM.Collect$$libinit$$00000019)
    __rt_lib_init_preinit_1                  0x08000231   Thumb Code     0  libinit2.o(.ARM.Collect$$libinit$$00000004)
    __rt_lib_init_rand_1                     0x08000231   Thumb Code     0  libinit2.o(.ARM.Collect$$libinit$$0000000E)
    __rt_lib_init_return                     0x08000231   Thumb Code     0  libinit2.o(.ARM.Collect$$libinit$$00000033)
    __rt_lib_init_signal_1                   0x08000231   Thumb Code     0  libinit2.o(.ARM.Collect$$libinit$$0000001D)
    __rt_lib_init_stdio_1                    0x08000231   Thumb Code     0  libinit2.o(.ARM.Collect$$libinit$$00000025)
    __rt_lib_init_user_alloc_1               0x08000231   Thumb Code     0  libinit2.o(.ARM.Collect$$libinit$$0000000C)
    __rt_lib_shutdown                        0x08000233   Thumb Code     0  libshutdown.o(.ARM.Collect$$libshutdown$$00000000)
    __rt_lib_shutdown_cpp_1                  0x08000235   Thumb Code     0  libshutdown2.o(.ARM.Collect$$libshutdown$$00000004)
    __rt_lib_shutdown_fini_1                 0x08000235   Thumb Code     0  libshutdown2.o(.ARM.Collect$$libshutdown$$00000002)
    __rt_lib_shutdown_fp_trap_1              0x08000235   Thumb Code     0  libshutdown2.o(.ARM.Collect$$libshutdown$$00000009)
    __rt_lib_shutdown_heap_1                 0x08000235   Thumb Code     0  libshutdown2.o(.ARM.Collect$$libshutdown$$00000011)
    __rt_lib_shutdown_return                 0x08000235   Thumb Code     0  libshutdown2.o(.ARM.Collect$$libshutdown$$00000012)
    __rt_lib_shutdown_signal_1               0x08000235   Thumb Code     0  libshutdown2.o(.ARM.Collect$$libshutdown$$0000000C)
    __rt_lib_shutdown_stdio_1                0x08000235   Thumb Code     0  libshutdown2.o(.ARM.Collect$$libshutdown$$00000006)
    __rt_lib_shutdown_user_alloc_1           0x08000235   Thumb Code     0  libshutdown2.o(.ARM.Collect$$libshutdown$$0000000E)
    __rt_entry                               0x08000237   Thumb Code     0  __rtentry.o(.ARM.Collect$$rtentry$$00000000)
    __rt_entry_presh_1                       0x08000237   Thumb Code     0  __rtentry2.o(.ARM.Collect$$rtentry$$00000002)
    __rt_entry_sh                            0x08000237   Thumb Code     0  __rtentry4.o(.ARM.Collect$$rtentry$$00000004)
    __rt_entry_li                            0x0800023d   Thumb Code     0  __rtentry2.o(.ARM.Collect$$rtentry$$0000000A)
    __rt_entry_postsh_1                      0x0800023d   Thumb Code     0  __rtentry2.o(.ARM.Collect$$rtentry$$00000009)
    __rt_entry_main                          0x08000241   Thumb Code     0  __rtentry2.o(.ARM.Collect$$rtentry$$0000000D)
    __rt_entry_postli_1                      0x08000241   Thumb Code     0  __rtentry2.o(.ARM.Collect$$rtentry$$0000000C)
    __rt_exit                                0x08000249   Thumb Code     0  rtexit.o(.ARM.Collect$$rtexit$$00000000)
    __rt_exit_ls                             0x0800024b   Thumb Code     0  rtexit2.o(.ARM.Collect$$rtexit$$00000003)
    __rt_exit_prels_1                        0x0800024b   Thumb Code     0  rtexit2.o(.ARM.Collect$$rtexit$$00000002)
    __rt_exit_exit                           0x0800024f   Thumb Code     0  rtexit2.o(.ARM.Collect$$rtexit$$00000004)
    Reset_Handler                            0x08000255   Thumb Code     8  startup_stm32l496xx.o(.text)
    ADC1_2_IRQHandler                        0x0800026f   Thumb Code     0  startup_stm32l496xx.o(.text)
    ADC3_IRQHandler                          0x0800026f   Thumb Code     0  startup_stm32l496xx.o(.text)
    CAN1_RX0_IRQHandler                      0x0800026f   Thumb Code     0  startup_stm32l496xx.o(.text)
    CAN1_RX1_IRQHandler                      0x0800026f   Thumb Code     0  startup_stm32l496xx.o(.text)
    CAN1_SCE_IRQHandler                      0x0800026f   Thumb Code     0  startup_stm32l496xx.o(.text)
    CAN1_TX_IRQHandler                       0x0800026f   Thumb Code     0  startup_stm32l496xx.o(.text)
    CAN2_RX0_IRQHandler                      0x0800026f   Thumb Code     0  startup_stm32l496xx.o(.text)
    CAN2_RX1_IRQHandler                      0x0800026f   Thumb Code     0  startup_stm32l496xx.o(.text)
    CAN2_SCE_IRQHandler                      0x0800026f   Thumb Code     0  startup_stm32l496xx.o(.text)
    CAN2_TX_IRQHandler                       0x0800026f   Thumb Code     0  startup_stm32l496xx.o(.text)
    COMP_IRQHandler                          0x0800026f   Thumb Code     0  startup_stm32l496xx.o(.text)
    CRS_IRQHandler                           0x0800026f   Thumb Code     0  startup_stm32l496xx.o(.text)
    DCMI_IRQHandler                          0x0800026f   Thumb Code     0  startup_stm32l496xx.o(.text)
    DFSDM1_FLT0_IRQHandler                   0x0800026f   Thumb Code     0  startup_stm32l496xx.o(.text)
    DFSDM1_FLT1_IRQHandler                   0x0800026f   Thumb Code     0  startup_stm32l496xx.o(.text)
    DFSDM1_FLT2_IRQHandler                   0x0800026f   Thumb Code     0  startup_stm32l496xx.o(.text)
    DFSDM1_FLT3_IRQHandler                   0x0800026f   Thumb Code     0  startup_stm32l496xx.o(.text)
    DMA1_Channel1_IRQHandler                 0x0800026f   Thumb Code     0  startup_stm32l496xx.o(.text)
    DMA1_Channel2_IRQHandler                 0x0800026f   Thumb Code     0  startup_stm32l496xx.o(.text)
    DMA1_Channel3_IRQHandler                 0x0800026f   Thumb Code     0  startup_stm32l496xx.o(.text)
    DMA1_Channel4_IRQHandler                 0x0800026f   Thumb Code     0  startup_stm32l496xx.o(.text)
    DMA1_Channel5_IRQHandler                 0x0800026f   Thumb Code     0  startup_stm32l496xx.o(.text)
    DMA1_Channel6_IRQHandler                 0x0800026f   Thumb Code     0  startup_stm32l496xx.o(.text)
    DMA1_Channel7_IRQHandler                 0x0800026f   Thumb Code     0  startup_stm32l496xx.o(.text)
    DMA2D_IRQHandler                         0x0800026f   Thumb Code     0  startup_stm32l496xx.o(.text)
    DMA2_Channel1_IRQHandler                 0x0800026f   Thumb Code     0  startup_stm32l496xx.o(.text)
    DMA2_Channel2_IRQHandler                 0x0800026f   Thumb Code     0  startup_stm32l496xx.o(.text)
    DMA2_Channel3_IRQHandler                 0x0800026f   Thumb Code     0  startup_stm32l496xx.o(.text)
    DMA2_Channel4_IRQHandler                 0x0800026f   Thumb Code     0  startup_stm32l496xx.o(.text)
    DMA2_Channel5_IRQHandler                 0x0800026f   Thumb Code     0  startup_stm32l496xx.o(.text)
    DMA2_Channel6_IRQHandler                 0x0800026f   Thumb Code     0  startup_stm32l496xx.o(.text)
    DMA2_Channel7_IRQHandler                 0x0800026f   Thumb Code     0  startup_stm32l496xx.o(.text)
    EXTI0_IRQHandler                         0x0800026f   Thumb Code     0  startup_stm32l496xx.o(.text)
    EXTI15_10_IRQHandler                     0x0800026f   Thumb Code     0  startup_stm32l496xx.o(.text)
    EXTI1_IRQHandler                         0x0800026f   Thumb Code     0  startup_stm32l496xx.o(.text)
    EXTI2_IRQHandler                         0x0800026f   Thumb Code     0  startup_stm32l496xx.o(.text)
    EXTI3_IRQHandler                         0x0800026f   Thumb Code     0  startup_stm32l496xx.o(.text)
    EXTI4_IRQHandler                         0x0800026f   Thumb Code     0  startup_stm32l496xx.o(.text)
    FLASH_IRQHandler                         0x0800026f   Thumb Code     0  startup_stm32l496xx.o(.text)
    FMC_IRQHandler                           0x0800026f   Thumb Code     0  startup_stm32l496xx.o(.text)
    FPU_IRQHandler                           0x0800026f   Thumb Code     0  startup_stm32l496xx.o(.text)
    I2C1_ER_IRQHandler                       0x0800026f   Thumb Code     0  startup_stm32l496xx.o(.text)
    I2C1_EV_IRQHandler                       0x0800026f   Thumb Code     0  startup_stm32l496xx.o(.text)
    I2C2_ER_IRQHandler                       0x0800026f   Thumb Code     0  startup_stm32l496xx.o(.text)
    I2C2_EV_IRQHandler                       0x0800026f   Thumb Code     0  startup_stm32l496xx.o(.text)
    I2C3_ER_IRQHandler                       0x0800026f   Thumb Code     0  startup_stm32l496xx.o(.text)
    I2C3_EV_IRQHandler                       0x0800026f   Thumb Code     0  startup_stm32l496xx.o(.text)
    I2C4_ER_IRQHandler                       0x0800026f   Thumb Code     0  startup_stm32l496xx.o(.text)
    I2C4_EV_IRQHandler                       0x0800026f   Thumb Code     0  startup_stm32l496xx.o(.text)
    LCD_IRQHandler                           0x0800026f   Thumb Code     0  startup_stm32l496xx.o(.text)
    LPTIM1_IRQHandler                        0x0800026f   Thumb Code     0  startup_stm32l496xx.o(.text)
    LPTIM2_IRQHandler                        0x0800026f   Thumb Code     0  startup_stm32l496xx.o(.text)
    LPUART1_IRQHandler                       0x0800026f   Thumb Code     0  startup_stm32l496xx.o(.text)
    OTG_FS_IRQHandler                        0x0800026f   Thumb Code     0  startup_stm32l496xx.o(.text)
    PVD_PVM_IRQHandler                       0x0800026f   Thumb Code     0  startup_stm32l496xx.o(.text)
    QUADSPI_IRQHandler                       0x0800026f   Thumb Code     0  startup_stm32l496xx.o(.text)
    RCC_IRQHandler                           0x0800026f   Thumb Code     0  startup_stm32l496xx.o(.text)
    RNG_IRQHandler                           0x0800026f   Thumb Code     0  startup_stm32l496xx.o(.text)
    RTC_Alarm_IRQHandler                     0x0800026f   Thumb Code     0  startup_stm32l496xx.o(.text)
    RTC_WKUP_IRQHandler                      0x0800026f   Thumb Code     0  startup_stm32l496xx.o(.text)
    SAI1_IRQHandler                          0x0800026f   Thumb Code     0  startup_stm32l496xx.o(.text)
    SAI2_IRQHandler                          0x0800026f   Thumb Code     0  startup_stm32l496xx.o(.text)
    SDMMC1_IRQHandler                        0x0800026f   Thumb Code     0  startup_stm32l496xx.o(.text)
    SPI1_IRQHandler                          0x0800026f   Thumb Code     0  startup_stm32l496xx.o(.text)
    SPI2_IRQHandler                          0x0800026f   Thumb Code     0  startup_stm32l496xx.o(.text)
    SPI3_IRQHandler                          0x0800026f   Thumb Code     0  startup_stm32l496xx.o(.text)
    SWPMI1_IRQHandler                        0x0800026f   Thumb Code     0  startup_stm32l496xx.o(.text)
    TAMP_STAMP_IRQHandler                    0x0800026f   Thumb Code     0  startup_stm32l496xx.o(.text)
    TIM1_BRK_TIM15_IRQHandler                0x0800026f   Thumb Code     0  startup_stm32l496xx.o(.text)
    TIM1_CC_IRQHandler                       0x0800026f   Thumb Code     0  startup_stm32l496xx.o(.text)
    TIM1_TRG_COM_TIM17_IRQHandler            0x0800026f   Thumb Code     0  startup_stm32l496xx.o(.text)
    TIM1_UP_TIM16_IRQHandler                 0x0800026f   Thumb Code     0  startup_stm32l496xx.o(.text)
    TIM2_IRQHandler                          0x0800026f   Thumb Code     0  startup_stm32l496xx.o(.text)
    TIM3_IRQHandler                          0x0800026f   Thumb Code     0  startup_stm32l496xx.o(.text)
    TIM4_IRQHandler                          0x0800026f   Thumb Code     0  startup_stm32l496xx.o(.text)
    TIM5_IRQHandler                          0x0800026f   Thumb Code     0  startup_stm32l496xx.o(.text)
    TIM6_DAC_IRQHandler                      0x0800026f   Thumb Code     0  startup_stm32l496xx.o(.text)
    TIM7_IRQHandler                          0x0800026f   Thumb Code     0  startup_stm32l496xx.o(.text)
    TIM8_BRK_IRQHandler                      0x0800026f   Thumb Code     0  startup_stm32l496xx.o(.text)
    TIM8_CC_IRQHandler                       0x0800026f   Thumb Code     0  startup_stm32l496xx.o(.text)
    TIM8_TRG_COM_IRQHandler                  0x0800026f   Thumb Code     0  startup_stm32l496xx.o(.text)
    TIM8_UP_IRQHandler                       0x0800026f   Thumb Code     0  startup_stm32l496xx.o(.text)
    TSC_IRQHandler                           0x0800026f   Thumb Code     0  startup_stm32l496xx.o(.text)
    UART4_IRQHandler                         0x0800026f   Thumb Code     0  startup_stm32l496xx.o(.text)
    UART5_IRQHandler                         0x0800026f   Thumb Code     0  startup_stm32l496xx.o(.text)
    USART2_IRQHandler                        0x0800026f   Thumb Code     0  startup_stm32l496xx.o(.text)
    USART3_IRQHandler                        0x0800026f   Thumb Code     0  startup_stm32l496xx.o(.text)
    WWDG_IRQHandler                          0x0800026f   Thumb Code     0  startup_stm32l496xx.o(.text)
    __user_initial_stackheap                 0x08000271   Thumb Code     0  startup_stm32l496xx.o(.text)
    __use_no_semihosting                     0x08000295   Thumb Code     2  use_no_semi_2.o(.text)
    __aeabi_uldivmod                         0x08000297   Thumb Code     0  lludivv7m.o(.text)
    _ll_udiv                                 0x08000297   Thumb Code   238  lludivv7m.o(.text)
    __2printf                                0x08000385   Thumb Code    20  noretval__2printf.o(.text)
    __printf                                 0x0800039d   Thumb Code   104  __printf.o(.text)
    _printf_int_dec                          0x08000405   Thumb Code   104  _printf_dec.o(.text)
    __aeabi_memcpy4                          0x0800047d   Thumb Code     0  rt_memcpy_w.o(.text)
    __aeabi_memcpy8                          0x0800047d   Thumb Code     0  rt_memcpy_w.o(.text)
    __rt_memcpy_w                            0x0800047d   Thumb Code   100  rt_memcpy_w.o(.text)
    _memcpy_lastbytes_aligned                0x080004c5   Thumb Code     0  rt_memcpy_w.o(.text)
    __use_two_region_memory                  0x080004e1   Thumb Code     2  heapauxi.o(.text)
    __rt_heap_escrow$2region                 0x080004e3   Thumb Code     2  heapauxi.o(.text)
    __rt_heap_expand$2region                 0x080004e5   Thumb Code     2  heapauxi.o(.text)
    __I$use$semihosting                      0x080004e7   Thumb Code     0  use_no_semi.o(.text)
    __use_no_semihosting_swi                 0x080004e7   Thumb Code     2  use_no_semi.o(.text)
    _printf_int_common                       0x080004e9   Thumb Code   178  _printf_intcommon.o(.text)
    _printf_char_file                        0x0800059d   Thumb Code    32  _printf_char_file.o(.text)
    _printf_char_common                      0x080005cb   Thumb Code    32  _printf_char_common.o(.text)
    ferror                                   0x080005f1   Thumb Code     8  ferror.o(.text)
    __user_libspace                          0x080005f9   Thumb Code     8  libspace.o(.text)
    __user_perproc_libspace                  0x080005f9   Thumb Code     0  libspace.o(.text)
    __user_perthread_libspace                0x080005f9   Thumb Code     0  libspace.o(.text)
    __user_setup_stackheap                   0x08000601   Thumb Code    74  sys_stackheap_outer.o(.text)
    exit                                     0x0800064b   Thumb Code    18  exit.o(.text)
    BEEP_Init                                0x0800065d   Thumb Code    60  beep.o(i.BEEP_Init)
    BusFault_Handler                         0x080006a1   Thumb Code     2  stm32l4xx_it.o(i.BusFault_Handler)
    DebugMon_Handler                         0x080006a3   Thumb Code     2  stm32l4xx_it.o(i.DebugMon_Handler)
    EXTI9_5_IRQHandler                       0x080006a5   Thumb Code     8  sample_keys_afl.o(i.EXTI9_5_IRQHandler)
    HAL_DMA_Abort_IT                         0x080006ad   Thumb Code    78  stm32l4xx_hal_dma.o(i.HAL_DMA_Abort_IT)
    HAL_Delay                                0x080006fb   Thumb Code    28  stm32l4xx_hal.o(i.HAL_Delay)
    HAL_GPIO_EXTI_Callback                   0x08000719   Thumb Code    36  sample_keys_afl.o(i.HAL_GPIO_EXTI_Callback)
    HAL_GPIO_EXTI_IRQHandler                 0x0800074d   Thumb Code    18  stm32l4xx_hal_gpio.o(i.HAL_GPIO_EXTI_IRQHandler)
    HAL_GPIO_Init                            0x08000765   Thumb Code   400  stm32l4xx_hal_gpio.o(i.HAL_GPIO_Init)
    HAL_GPIO_ReadPin                         0x08000923   Thumb Code    10  stm32l4xx_hal_gpio.o(i.HAL_GPIO_ReadPin)
    HAL_GPIO_WritePin                        0x0800092d   Thumb Code    10  stm32l4xx_hal_gpio.o(i.HAL_GPIO_WritePin)
    HAL_GetTick                              0x08000939   Thumb Code     6  stm32l4xx_hal.o(i.HAL_GetTick)
    HAL_IncTick                              0x08000945   Thumb Code    10  stm32l4xx_hal.o(i.HAL_IncTick)
    HAL_Init                                 0x08000955   Thumb Code    30  stm32l4xx_hal.o(i.HAL_Init)
    HAL_InitTick                             0x08000975   Thumb Code    42  stm32l4xx_hal.o(i.HAL_InitTick)
    HAL_MspInit                              0x080009a5   Thumb Code     2  stm32l4xx_hal.o(i.HAL_MspInit)
    HAL_NVIC_EnableIRQ                       0x080009a7   Thumb Code    22  stm32l4xx_hal_cortex.o(i.HAL_NVIC_EnableIRQ)
    HAL_NVIC_SetPriority                     0x080009bd   Thumb Code    60  stm32l4xx_hal_cortex.o(i.HAL_NVIC_SetPriority)
    HAL_NVIC_SetPriorityGrouping             0x080009fd   Thumb Code    26  stm32l4xx_hal_cortex.o(i.HAL_NVIC_SetPriorityGrouping)
    HAL_PWREx_ControlVoltageScaling          0x08000a21   Thumb Code    90  stm32l4xx_hal_pwr_ex.o(i.HAL_PWREx_ControlVoltageScaling)
    HAL_PWREx_GetVoltageRange                0x08000a89   Thumb Code    10  stm32l4xx_hal_pwr_ex.o(i.HAL_PWREx_GetVoltageRange)
    HAL_RCC_ClockConfig                      0x08000a99   Thumb Code   276  stm32l4xx_hal_rcc.o(i.HAL_RCC_ClockConfig)
    HAL_RCC_GetPCLK1Freq                     0x08000bbd   Thumb Code    24  stm32l4xx_hal_rcc.o(i.HAL_RCC_GetPCLK1Freq)
    HAL_RCC_GetPCLK2Freq                     0x08000be1   Thumb Code    24  stm32l4xx_hal_rcc.o(i.HAL_RCC_GetPCLK2Freq)
    HAL_RCC_GetSysClockFreq                  0x08000c05   Thumb Code   154  stm32l4xx_hal_rcc.o(i.HAL_RCC_GetSysClockFreq)
    HAL_RCC_OscConfig                        0x08000cad   Thumb Code  1190  stm32l4xx_hal_rcc.o(i.HAL_RCC_OscConfig)
    HAL_SYSTICK_CLKSourceConfig              0x0800115d   Thumb Code    24  stm32l4xx_hal_cortex.o(i.HAL_SYSTICK_CLKSourceConfig)
    HAL_SYSTICK_Config                       0x08001175   Thumb Code    40  stm32l4xx_hal_cortex.o(i.HAL_SYSTICK_Config)
    HAL_UARTEx_WakeupCallback                0x0800119d   Thumb Code     2  stm32l4xx_hal_uart_ex.o(i.HAL_UARTEx_WakeupCallback)
    HAL_UART_ErrorCallback                   0x0800119f   Thumb Code     2  stm32l4xx_hal_uart.o(i.HAL_UART_ErrorCallback)
    HAL_UART_IRQHandler                      0x080011a1   Thumb Code   320  stm32l4xx_hal_uart.o(i.HAL_UART_IRQHandler)
    HAL_UART_Init                            0x080012e5   Thumb Code   106  stm32l4xx_hal_uart.o(i.HAL_UART_Init)
    HAL_UART_MspInit                         0x08001351   Thumb Code    96  usart.o(i.HAL_UART_MspInit)
    HAL_UART_Receive                         0x080013b9   Thumb Code   232  stm32l4xx_hal_uart.o(i.HAL_UART_Receive)
    HAL_UART_TxCpltCallback                  0x080014a7   Thumb Code     2  stm32l4xx_hal_uart.o(i.HAL_UART_TxCpltCallback)
    HardFault_Handler                        0x080014a9   Thumb Code     2  stm32l4xx_it.o(i.HardFault_Handler)
    KEY_Scan                                 0x0800150d   Thumb Code   208  key.o(i.KEY_Scan)
    MemManage_Handler                        0x08001619   Thumb Code     2  stm32l4xx_it.o(i.MemManage_Handler)
    NMI_Handler                              0x0800161b   Thumb Code     2  stm32l4xx_it.o(i.NMI_Handler)
    PendSV_Handler                           0x0800163d   Thumb Code     2  stm32l4xx_it.o(i.PendSV_Handler)
    SVC_Handler                              0x080016bd   Thumb Code     2  stm32l4xx_it.o(i.SVC_Handler)
    SysTick_Handler                          0x080016bf   Thumb Code     4  stm32l4xx_it.o(i.SysTick_Handler)
    SystemClock_Config                       0x080016c5   Thumb Code   106  sys.o(i.SystemClock_Config)
    SystemInit                               0x08001735   Thumb Code    56  system_stm32l4xx.o(i.SystemInit)
    UART_AdvFeatureConfig                    0x08001779   Thumb Code   200  stm32l4xx_hal_uart.o(i.UART_AdvFeatureConfig)
    UART_CheckIdleState                      0x08001841   Thumb Code    92  stm32l4xx_hal_uart.o(i.UART_CheckIdleState)
    UART_SetConfig                           0x080018d1   Thumb Code   652  stm32l4xx_hal_uart.o(i.UART_SetConfig)
    UART_WaitOnFlagUntilTimeout              0x08001b8d   Thumb Code    98  stm32l4xx_hal_uart.o(i.UART_WaitOnFlagUntilTimeout)
    USART1_IRQHandler                        0x08001bf1   Thumb Code   100  usart.o(i.USART1_IRQHandler)
    UsageFault_Handler                       0x08001c5d   Thumb Code     2  stm32l4xx_it.o(i.UsageFault_Handler)
    _sys_exit                                0x08001c5f   Thumb Code     2  usart.o(i._sys_exit)
    app_samp_leds_init                       0x08001c61   Thumb Code   130  sample_led.o(i.app_samp_leds_init)
    bsp_GetKey                               0x08001d9d   Thumb Code    32  bsp_key.o(i.bsp_GetKey)
    bsp_InitKey                              0x08001dc1   Thumb Code    48  bsp_key.o(i.bsp_InitKey)
    bsp_KeyScan10ms                          0x08001e51   Thumb Code    20  bsp_key.o(i.bsp_KeyScan10ms)
    bsp_PutKey                               0x08001e65   Thumb Code    24  bsp_key.o(i.bsp_PutKey)
    fputc                                    0x08001e81   Thumb Code    18  usart.o(i.fputc)
    main                                     0x08001e99   Thumb Code    74  main.o(i.main)
    sample_afl_keys                          0x08001f39   Thumb Code    96  sample_keys_afl.o(i.sample_afl_keys)
    stkdly_init                              0x0800202d   Thumb Code    16  delay.o(i.stkdly_init)
    stkdly_ms                                0x08002041   Thumb Code    26  delay.o(i.stkdly_ms)
    stkdly_us                                0x0800205d   Thumb Code    48  delay.o(i.stkdly_us)
    uart_init                                0x08002091   Thumb Code    60  usart.o(i.uart_init)
    _fp_init                                 0x080020d5   Thumb Code    10  fpinit.o(x$fpl$fpinit)
    __fplib_config_fpu_vfp                   0x080020dd   Thumb Code     0  fpinit.o(x$fpl$fpinit)
    __fplib_config_pureend_doubles           0x080020dd   Thumb Code     0  fpinit.o(x$fpl$fpinit)
    AHBPrescTable                            0x080020e0   Data          16  system_stm32l4xx.o(.constdata)
    MSIRangeTable                            0x080020f0   Data          48  system_stm32l4xx.o(.constdata)
    APBPrescTable                            0x08002120   Data           8  system_stm32l4xx.o(.constdata)
    Region$$Table$$Base                      0x0800217c   Number         0  anon$$obj.o(Region$$Table)
    Region$$Table$$Limit                     0x0800219c   Number         0  anon$$obj.o(Region$$Table)
    SystemCoreClock                          0x20000000   Data           4  system_stm32l4xx.o(.data)
    uwTick                                   0x20000004   Data           4  stm32l4xx_hal.o(.data)
    USART_RX_STA                             0x2000000c   Data           2  usart.o(.data)
    __stdout                                 0x20000010   Data           4  usart.o(.data)
    g_samp_leds                              0x20000018   Data          48  sample_led.o(.data)
    s_tKey                                   0x20000048   Data           7  bsp_key.o(.data)
    USART_RX_BUF                             0x20000050   Data         200  usart.o(.bss)
    UART1_Handler                            0x20000118   Data         120  usart.o(.bss)
    s_tBtn                                   0x20000190   Data          96  bsp_key.o(.bss)
    __libspace_start                         0x200001f0   Data          96  libspace.o(.bss)
    __temporary_stack_top$libspace           0x20000250   Data           0  libspace.o(.bss)



==============================================================================

Memory Map of the image

  Image Entry point : 0x080001ad

  Load Region LR_IROM1 (Base: 0x08000000, Size: 0x000021ec, Max: 0x00080000, ABSOLUTE)

    Execution Region ER_IROM1 (Exec base: 0x08000000, Load base: 0x08000000, Size: 0x0000219c, Max: 0x00080000, ABSOLUTE)

    Exec Addr    Load Addr    Size         Type   Attr      Idx    E Section Name        Object

    0x08000000   0x08000000   0x000001ac   Data   RO          619    RESET               startup_stm32l496xx.o
    0x080001ac   0x080001ac   0x00000008   Code   RO         3282  * !!!main             c_w.l(__main.o)
    0x080001b4   0x080001b4   0x00000034   Code   RO         3535    !!!scatter          c_w.l(__scatter.o)
    0x080001e8   0x080001e8   0x0000001a   Code   RO         3537    !!handler_copy      c_w.l(__scatter_copy.o)
    0x08000202   0x08000202   0x00000002   PAD
    0x08000204   0x08000204   0x0000001c   Code   RO         3539    !!handler_zi        c_w.l(__scatter_zi.o)
    0x08000220   0x08000220   0x00000000   Code   RO         3277    .ARM.Collect$$_printf_percent$$00000000  c_w.l(_printf_percent.o)
    0x08000220   0x08000220   0x00000006   Code   RO         3276    .ARM.Collect$$_printf_percent$$00000009  c_w.l(_printf_d.o)
    0x08000226   0x08000226   0x00000004   Code   RO         3327    .ARM.Collect$$_printf_percent$$00000017  c_w.l(_printf_percent_end.o)
    0x0800022a   0x0800022a   0x00000002   Code   RO         3410    .ARM.Collect$$libinit$$00000000  c_w.l(libinit.o)
    0x0800022c   0x0800022c   0x00000004   Code   RO         3419    .ARM.Collect$$libinit$$00000001  c_w.l(libinit2.o)
    0x08000230   0x08000230   0x00000000   Code   RO         3422    .ARM.Collect$$libinit$$00000004  c_w.l(libinit2.o)
    0x08000230   0x08000230   0x00000000   Code   RO         3425    .ARM.Collect$$libinit$$0000000A  c_w.l(libinit2.o)
    0x08000230   0x08000230   0x00000000   Code   RO         3427    .ARM.Collect$$libinit$$0000000C  c_w.l(libinit2.o)
    0x08000230   0x08000230   0x00000000   Code   RO         3429    .ARM.Collect$$libinit$$0000000E  c_w.l(libinit2.o)
    0x08000230   0x08000230   0x00000000   Code   RO         3432    .ARM.Collect$$libinit$$00000011  c_w.l(libinit2.o)
    0x08000230   0x08000230   0x00000000   Code   RO         3434    .ARM.Collect$$libinit$$00000013  c_w.l(libinit2.o)
    0x08000230   0x08000230   0x00000000   Code   RO         3436    .ARM.Collect$$libinit$$00000015  c_w.l(libinit2.o)
    0x08000230   0x08000230   0x00000000   Code   RO         3438    .ARM.Collect$$libinit$$00000017  c_w.l(libinit2.o)
    0x08000230   0x08000230   0x00000000   Code   RO         3440    .ARM.Collect$$libinit$$00000019  c_w.l(libinit2.o)
    0x08000230   0x08000230   0x00000000   Code   RO         3442    .ARM.Collect$$libinit$$0000001B  c_w.l(libinit2.o)
    0x08000230   0x08000230   0x00000000   Code   RO         3444    .ARM.Collect$$libinit$$0000001D  c_w.l(libinit2.o)
    0x08000230   0x08000230   0x00000000   Code   RO         3446    .ARM.Collect$$libinit$$0000001F  c_w.l(libinit2.o)
    0x08000230   0x08000230   0x00000000   Code   RO         3448    .ARM.Collect$$libinit$$00000021  c_w.l(libinit2.o)
    0x08000230   0x08000230   0x00000000   Code   RO         3450    .ARM.Collect$$libinit$$00000023  c_w.l(libinit2.o)
    0x08000230   0x08000230   0x00000000   Code   RO         3452    .ARM.Collect$$libinit$$00000025  c_w.l(libinit2.o)
    0x08000230   0x08000230   0x00000000   Code   RO         3456    .ARM.Collect$$libinit$$0000002C  c_w.l(libinit2.o)
    0x08000230   0x08000230   0x00000000   Code   RO         3458    .ARM.Collect$$libinit$$0000002E  c_w.l(libinit2.o)
    0x08000230   0x08000230   0x00000000   Code   RO         3460    .ARM.Collect$$libinit$$00000030  c_w.l(libinit2.o)
    0x08000230   0x08000230   0x00000000   Code   RO         3462    .ARM.Collect$$libinit$$00000032  c_w.l(libinit2.o)
    0x08000230   0x08000230   0x00000002   Code   RO         3463    .ARM.Collect$$libinit$$00000033  c_w.l(libinit2.o)
    0x08000232   0x08000232   0x00000002   Code   RO         3489    .ARM.Collect$$libshutdown$$00000000  c_w.l(libshutdown.o)
    0x08000234   0x08000234   0x00000000   Code   RO         3516    .ARM.Collect$$libshutdown$$00000002  c_w.l(libshutdown2.o)
    0x08000234   0x08000234   0x00000000   Code   RO         3518    .ARM.Collect$$libshutdown$$00000004  c_w.l(libshutdown2.o)
    0x08000234   0x08000234   0x00000000   Code   RO         3520    .ARM.Collect$$libshutdown$$00000006  c_w.l(libshutdown2.o)
    0x08000234   0x08000234   0x00000000   Code   RO         3523    .ARM.Collect$$libshutdown$$00000009  c_w.l(libshutdown2.o)
    0x08000234   0x08000234   0x00000000   Code   RO         3526    .ARM.Collect$$libshutdown$$0000000C  c_w.l(libshutdown2.o)
    0x08000234   0x08000234   0x00000000   Code   RO         3528    .ARM.Collect$$libshutdown$$0000000E  c_w.l(libshutdown2.o)
    0x08000234   0x08000234   0x00000000   Code   RO         3531    .ARM.Collect$$libshutdown$$00000011  c_w.l(libshutdown2.o)
    0x08000234   0x08000234   0x00000002   Code   RO         3532    .ARM.Collect$$libshutdown$$00000012  c_w.l(libshutdown2.o)
    0x08000236   0x08000236   0x00000000   Code   RO         3314    .ARM.Collect$$rtentry$$00000000  c_w.l(__rtentry.o)
    0x08000236   0x08000236   0x00000000   Code   RO         3363    .ARM.Collect$$rtentry$$00000002  c_w.l(__rtentry2.o)
    0x08000236   0x08000236   0x00000006   Code   RO         3375    .ARM.Collect$$rtentry$$00000004  c_w.l(__rtentry4.o)
    0x0800023c   0x0800023c   0x00000000   Code   RO         3365    .ARM.Collect$$rtentry$$00000009  c_w.l(__rtentry2.o)
    0x0800023c   0x0800023c   0x00000004   Code   RO         3366    .ARM.Collect$$rtentry$$0000000A  c_w.l(__rtentry2.o)
    0x08000240   0x08000240   0x00000000   Code   RO         3368    .ARM.Collect$$rtentry$$0000000C  c_w.l(__rtentry2.o)
    0x08000240   0x08000240   0x00000008   Code   RO         3369    .ARM.Collect$$rtentry$$0000000D  c_w.l(__rtentry2.o)
    0x08000248   0x08000248   0x00000002   Code   RO         3411    .ARM.Collect$$rtexit$$00000000  c_w.l(rtexit.o)
    0x0800024a   0x0800024a   0x00000000   Code   RO         3465    .ARM.Collect$$rtexit$$00000002  c_w.l(rtexit2.o)
    0x0800024a   0x0800024a   0x00000004   Code   RO         3466    .ARM.Collect$$rtexit$$00000003  c_w.l(rtexit2.o)
    0x0800024e   0x0800024e   0x00000006   Code   RO         3467    .ARM.Collect$$rtexit$$00000004  c_w.l(rtexit2.o)
    0x08000254   0x08000254   0x00000040   Code   RO          620    .text               startup_stm32l496xx.o
    0x08000294   0x08000294   0x00000002   Code   RO         3241    .text               c_w.l(use_no_semi_2.o)
    0x08000296   0x08000296   0x000000ee   Code   RO         3243    .text               c_w.l(lludivv7m.o)
    0x08000384   0x08000384   0x00000018   Code   RO         3247    .text               c_w.l(noretval__2printf.o)
    0x0800039c   0x0800039c   0x00000068   Code   RO         3249    .text               c_w.l(__printf.o)
    0x08000404   0x08000404   0x00000078   Code   RO         3253    .text               c_w.l(_printf_dec.o)
    0x0800047c   0x0800047c   0x00000064   Code   RO         3278    .text               c_w.l(rt_memcpy_w.o)
    0x080004e0   0x080004e0   0x00000006   Code   RO         3280    .text               c_w.l(heapauxi.o)
    0x080004e6   0x080004e6   0x00000002   Code   RO         3312    .text               c_w.l(use_no_semi.o)
    0x080004e8   0x080004e8   0x000000b2   Code   RO         3321    .text               c_w.l(_printf_intcommon.o)
    0x0800059a   0x0800059a   0x00000002   PAD
    0x0800059c   0x0800059c   0x00000024   Code   RO         3325    .text               c_w.l(_printf_char_file.o)
    0x080005c0   0x080005c0   0x00000030   Code   RO         3384    .text               c_w.l(_printf_char_common.o)
    0x080005f0   0x080005f0   0x00000008   Code   RO         3386    .text               c_w.l(ferror.o)
    0x080005f8   0x080005f8   0x00000008   Code   RO         3392    .text               c_w.l(libspace.o)
    0x08000600   0x08000600   0x0000004a   Code   RO         3395    .text               c_w.l(sys_stackheap_outer.o)
    0x0800064a   0x0800064a   0x00000012   Code   RO         3399    .text               c_w.l(exit.o)
    0x0800065c   0x0800065c   0x00000044   Code   RO         2671    i.BEEP_Init         beep.o
    0x080006a0   0x080006a0   0x00000002   Code   RO          383    i.BusFault_Handler  stm32l4xx_it.o
    0x080006a2   0x080006a2   0x00000002   Code   RO          384    i.DebugMon_Handler  stm32l4xx_it.o
    0x080006a4   0x080006a4   0x00000008   Code   RO         3179    i.EXTI9_5_IRQHandler  sample_keys_afl.o
    0x080006ac   0x080006ac   0x0000004e   Code   RO         2403    i.HAL_DMA_Abort_IT  stm32l4xx_hal_dma.o
    0x080006fa   0x080006fa   0x0000001c   Code   RO          634    i.HAL_Delay         stm32l4xx_hal.o
    0x08000716   0x08000716   0x00000002   PAD
    0x08000718   0x08000718   0x00000034   Code   RO         3180    i.HAL_GPIO_EXTI_Callback  sample_keys_afl.o
    0x0800074c   0x0800074c   0x00000018   Code   RO          980    i.HAL_GPIO_EXTI_IRQHandler  stm32l4xx_hal_gpio.o
    0x08000764   0x08000764   0x000001be   Code   RO          981    i.HAL_GPIO_Init     stm32l4xx_hal_gpio.o
    0x08000922   0x08000922   0x0000000a   Code   RO          983    i.HAL_GPIO_ReadPin  stm32l4xx_hal_gpio.o
    0x0800092c   0x0800092c   0x0000000a   Code   RO          985    i.HAL_GPIO_WritePin  stm32l4xx_hal_gpio.o
    0x08000936   0x08000936   0x00000002   PAD
    0x08000938   0x08000938   0x0000000c   Code   RO          638    i.HAL_GetTick       stm32l4xx_hal.o
    0x08000944   0x08000944   0x00000010   Code   RO          642    i.HAL_IncTick       stm32l4xx_hal.o
    0x08000954   0x08000954   0x0000001e   Code   RO          643    i.HAL_Init          stm32l4xx_hal.o
    0x08000972   0x08000972   0x00000002   PAD
    0x08000974   0x08000974   0x00000030   Code   RO          644    i.HAL_InitTick      stm32l4xx_hal.o
    0x080009a4   0x080009a4   0x00000002   Code   RO          646    i.HAL_MspInit       stm32l4xx_hal.o
    0x080009a6   0x080009a6   0x00000016   Code   RO          848    i.HAL_NVIC_EnableIRQ  stm32l4xx_hal_cortex.o
    0x080009bc   0x080009bc   0x00000040   Code   RO          854    i.HAL_NVIC_SetPriority  stm32l4xx_hal_cortex.o
    0x080009fc   0x080009fc   0x00000024   Code   RO          855    i.HAL_NVIC_SetPriorityGrouping  stm32l4xx_hal_cortex.o
    0x08000a20   0x08000a20   0x00000068   Code   RO         1159    i.HAL_PWREx_ControlVoltageScaling  stm32l4xx_hal_pwr_ex.o
    0x08000a88   0x08000a88   0x00000010   Code   RO         1190    i.HAL_PWREx_GetVoltageRange  stm32l4xx_hal_pwr_ex.o
    0x08000a98   0x08000a98   0x00000124   Code   RO         1405    i.HAL_RCC_ClockConfig  stm32l4xx_hal_rcc.o
    0x08000bbc   0x08000bbc   0x00000024   Code   RO         1411    i.HAL_RCC_GetPCLK1Freq  stm32l4xx_hal_rcc.o
    0x08000be0   0x08000be0   0x00000024   Code   RO         1412    i.HAL_RCC_GetPCLK2Freq  stm32l4xx_hal_rcc.o
    0x08000c04   0x08000c04   0x000000a8   Code   RO         1413    i.HAL_RCC_GetSysClockFreq  stm32l4xx_hal_rcc.o
    0x08000cac   0x08000cac   0x000004b0   Code   RO         1416    i.HAL_RCC_OscConfig  stm32l4xx_hal_rcc.o
    0x0800115c   0x0800115c   0x00000018   Code   RO          857    i.HAL_SYSTICK_CLKSourceConfig  stm32l4xx_hal_cortex.o
    0x08001174   0x08001174   0x00000028   Code   RO          859    i.HAL_SYSTICK_Config  stm32l4xx_hal_cortex.o
    0x0800119c   0x0800119c   0x00000002   Code   RO         2063    i.HAL_UARTEx_WakeupCallback  stm32l4xx_hal_uart_ex.o
    0x0800119e   0x0800119e   0x00000002   Code   RO         1722    i.HAL_UART_ErrorCallback  stm32l4xx_hal_uart.o
    0x080011a0   0x080011a0   0x00000144   Code   RO         1725    i.HAL_UART_IRQHandler  stm32l4xx_hal_uart.o
    0x080012e4   0x080012e4   0x0000006a   Code   RO         1726    i.HAL_UART_Init     stm32l4xx_hal_uart.o
    0x0800134e   0x0800134e   0x00000002   PAD
    0x08001350   0x08001350   0x00000068   Code   RO         2583    i.HAL_UART_MspInit  usart.o
    0x080013b8   0x080013b8   0x000000ee   Code   RO         1729    i.HAL_UART_Receive  stm32l4xx_hal_uart.o
    0x080014a6   0x080014a6   0x00000002   Code   RO         1737    i.HAL_UART_TxCpltCallback  stm32l4xx_hal_uart.o
    0x080014a8   0x080014a8   0x00000002   Code   RO          385    i.HardFault_Handler  stm32l4xx_it.o
    0x080014aa   0x080014aa   0x00000060   Code   RO         3074    i.IsKeyDownFunc     bsp_key.o
    0x0800150a   0x0800150a   0x00000002   PAD
    0x0800150c   0x0800150c   0x000000e2   Code   RO         2696    i.KEY_Scan          key.o
    0x080015ee   0x080015ee   0x00000002   PAD
    0x080015f0   0x080015f0   0x00000028   Code   RO         3075    i.KeyPinActive      bsp_key.o
    0x08001618   0x08001618   0x00000002   Code   RO          386    i.MemManage_Handler  stm32l4xx_it.o
    0x0800161a   0x0800161a   0x00000002   Code   RO          387    i.NMI_Handler       stm32l4xx_it.o
    0x0800161c   0x0800161c   0x00000020   Code   RO          861    i.NVIC_SetPriority  stm32l4xx_hal_cortex.o
    0x0800163c   0x0800163c   0x00000002   Code   RO          388    i.PendSV_Handler    stm32l4xx_it.o
    0x0800163e   0x0800163e   0x00000002   PAD
    0x08001640   0x08001640   0x0000007c   Code   RO         1417    i.RCC_SetFlashLatencyFromMSIRange  stm32l4xx_hal_rcc.o
    0x080016bc   0x080016bc   0x00000002   Code   RO          389    i.SVC_Handler       stm32l4xx_it.o
    0x080016be   0x080016be   0x00000004   Code   RO          390    i.SysTick_Handler   stm32l4xx_it.o
    0x080016c2   0x080016c2   0x00000002   PAD
    0x080016c4   0x080016c4   0x00000070   Code   RO         2515    i.SystemClock_Config  sys.o
    0x08001734   0x08001734   0x00000044   Code   RO          465    i.SystemInit        system_stm32l4xx.o
    0x08001778   0x08001778   0x000000c8   Code   RO         1739    i.UART_AdvFeatureConfig  stm32l4xx_hal_uart.o
    0x08001840   0x08001840   0x0000005c   Code   RO         1740    i.UART_CheckIdleState  stm32l4xx_hal_uart.o
    0x0800189c   0x0800189c   0x00000014   Code   RO         1741    i.UART_DMAAbortOnError  stm32l4xx_hal_uart.o
    0x080018b0   0x080018b0   0x00000020   Code   RO         1751    i.UART_EndRxTransfer  stm32l4xx_hal_uart.o
    0x080018d0   0x080018d0   0x000002bc   Code   RO         1755    i.UART_SetConfig    stm32l4xx_hal_uart.o
    0x08001b8c   0x08001b8c   0x00000062   Code   RO         1758    i.UART_WaitOnFlagUntilTimeout  stm32l4xx_hal_uart.o
    0x08001bee   0x08001bee   0x00000002   PAD
    0x08001bf0   0x08001bf0   0x0000006c   Code   RO         2584    i.USART1_IRQHandler  usart.o
    0x08001c5c   0x08001c5c   0x00000002   Code   RO          391    i.UsageFault_Handler  stm32l4xx_it.o
    0x08001c5e   0x08001c5e   0x00000002   Code   RO         2585    i._sys_exit         usart.o
    0x08001c60   0x08001c60   0x00000090   Code   RO         2896    i.app_samp_leds_init  sample_led.o
    0x08001cf0   0x08001cf0   0x000000ac   Code   RO         3078    i.bsp_DetectKey     bsp_key.o
    0x08001d9c   0x08001d9c   0x00000024   Code   RO         3079    i.bsp_GetKey        bsp_key.o
    0x08001dc0   0x08001dc0   0x00000038   Code   RO         3082    i.bsp_InitKey       bsp_key.o
    0x08001df8   0x08001df8   0x00000058   Code   RO         3083    i.bsp_InitKeyHard   bsp_key.o
    0x08001e50   0x08001e50   0x00000014   Code   RO         3084    i.bsp_KeyScan10ms   bsp_key.o
    0x08001e64   0x08001e64   0x0000001c   Code   RO         3086    i.bsp_PutKey        bsp_key.o
    0x08001e80   0x08001e80   0x00000018   Code   RO         2586    i.fputc             usart.o
    0x08001e98   0x08001e98   0x000000a0   Code   RO            4    i.main              main.o
    0x08001f38   0x08001f38   0x000000f4   Code   RO         3183    i.sample_afl_keys   sample_keys_afl.o
    0x0800202c   0x0800202c   0x00000014   Code   RO         2542    i.stkdly_init       delay.o
    0x08002040   0x08002040   0x0000001a   Code   RO         2543    i.stkdly_ms         delay.o
    0x0800205a   0x0800205a   0x00000002   PAD
    0x0800205c   0x0800205c   0x00000034   Code   RO         2544    i.stkdly_us         delay.o
    0x08002090   0x08002090   0x00000044   Code   RO         2587    i.uart_init         usart.o
    0x080020d4   0x080020d4   0x0000000a   Code   RO         3477    x$fpl$fpinit        fz_wm.l(fpinit.o)
    0x080020de   0x080020de   0x00000002   PAD
    0x080020e0   0x080020e0   0x00000040   Data   RO          466    .constdata          system_stm32l4xx.o
    0x08002120   0x08002120   0x00000008   Data   RO          467    .constdata          system_stm32l4xx.o
    0x08002128   0x08002128   0x00000014   Data   RO         2897    .constdata          sample_led.o
    0x0800213c   0x0800213c   0x00000040   Data   RO         3089    .constdata          bsp_key.o
    0x0800217c   0x0800217c   0x00000020   Data   RO         3533    Region$$Table       anon$$obj.o


    Execution Region RW_IRAM1 (Exec base: 0x20000000, Load base: 0x0800219c, Size: 0x00000850, Max: 0x00040000, ABSOLUTE)

    Exec Addr    Load Addr    Size         Type   Attr      Idx    E Section Name        Object

    0x20000000   0x0800219c   0x00000004   Data   RW          468    .data               system_stm32l4xx.o
    0x20000004   0x080021a0   0x00000004   Data   RW          659    .data               stm32l4xx_hal.o
    0x20000008   0x080021a4   0x00000004   Data   RW         2545    .data               delay.o
    0x2000000c   0x080021a8   0x00000002   Data   RW         2589    .data               usart.o
    0x2000000e   0x080021aa   0x00000002   PAD
    0x20000010   0x080021ac   0x00000004   Data   RW         2590    .data               usart.o
    0x20000014   0x080021b0   0x00000001   Data   RW         2697    .data               key.o
    0x20000015   0x080021b1   0x00000003   PAD
    0x20000018   0x080021b4   0x00000030   Data   RW         2898    .data               sample_led.o
    0x20000048   0x080021e4   0x00000007   Data   RW         3090    .data               bsp_key.o
    0x2000004f   0x080021eb   0x00000001   PAD
    0x20000050        -       0x00000140   Zero   RW         2588    .bss                usart.o
    0x20000190        -       0x00000060   Zero   RW         3088    .bss                bsp_key.o
    0x200001f0        -       0x00000060   Zero   RW         3393    .bss                c_w.l(libspace.o)
    0x20000250        -       0x00000200   Zero   RW          618    HEAP                startup_stm32l496xx.o
    0x20000450        -       0x00000400   Zero   RW          617    STACK               startup_stm32l496xx.o


==============================================================================

Image component sizes


      Code (inc. data)   RO Data    RW Data    ZI Data      Debug   Object Name

        68          8          0          0          0        928   beep.o
       536         34         64          7         96       6870   bsp_key.o
        98          8          0          4          0       1986   delay.o
       226         12          0          1          0        823   key.o
       160         86          0          0          0     832015   main.o
       304        172          0          0          0       1968   sample_keys_afl.o
       144         14         20         48          0       2539   sample_led.o
        64         26        428          0       1536        840   startup_stm32l496xx.o
       136         18          0          4          0       4769   stm32l4xx_hal.o
       218         14          0          0          0      30977   stm32l4xx_hal_cortex.o
        78          0          0          0          0       1107   stm32l4xx_hal_dma.o
       490         46          0          0          0       3886   stm32l4xx_hal_gpio.o
       120         20          0          0          0       1390   stm32l4xx_hal_pwr_ex.o
      1856         90          0          0          0       7260   stm32l4xx_hal_rcc.o
      1814         72          0          0          0      10193   stm32l4xx_hal_uart.o
         2          0          0          0          0       1048   stm32l4xx_hal_uart_ex.o
        20          0          0          0          0       4070   stm32l4xx_it.o
       112          6          0          0          0        977   sys.o
        68         12         72          4          0       1173   system_stm32l4xx.o
       306         30          0          6        320       4885   usart.o

    ----------------------------------------------------------------------
      6840        668        616         80       1952     919704   Object Totals
         0          0         32          0          0          0   (incl. Generated)
        20          0          0          6          0          0   (incl. Padding)

    ----------------------------------------------------------------------

      Code (inc. data)   RO Data    RW Data    ZI Data      Debug   Library Member Name

         8          0          0          0          0         68   __main.o
       104          0          0          0          0         84   __printf.o
         0          0          0          0          0          0   __rtentry.o
        12          0          0          0          0          0   __rtentry2.o
         6          0          0          0          0          0   __rtentry4.o
        52          8          0          0          0          0   __scatter.o
        26          0          0          0          0          0   __scatter_copy.o
        28          0          0          0          0          0   __scatter_zi.o
        48          6          0          0          0         96   _printf_char_common.o
        36          4          0          0          0         80   _printf_char_file.o
         6          0          0          0          0          0   _printf_d.o
       120         16          0          0          0         92   _printf_dec.o
       178          0          0          0          0         88   _printf_intcommon.o
         0          0          0          0          0          0   _printf_percent.o
         4          0          0          0          0          0   _printf_percent_end.o
        18          0          0          0          0         80   exit.o
         8          0          0          0          0         68   ferror.o
         6          0          0          0          0        152   heapauxi.o
         2          0          0          0          0          0   libinit.o
         6          0          0          0          0          0   libinit2.o
         2          0          0          0          0          0   libshutdown.o
         2          0          0          0          0          0   libshutdown2.o
         8          4          0          0         96         68   libspace.o
       238          0          0          0          0        100   lludivv7m.o
        24          4          0          0          0         84   noretval__2printf.o
       100          0          0          0          0         80   rt_memcpy_w.o
         2          0          0          0          0          0   rtexit.o
        10          0          0          0          0          0   rtexit2.o
        74          0          0          0          0         80   sys_stackheap_outer.o
         2          0          0          0          0         68   use_no_semi.o
         2          0          0          0          0         68   use_no_semi_2.o
        10          0          0          0          0        116   fpinit.o

    ----------------------------------------------------------------------
      1148         42          0          0         96       1472   Library Totals
         6          0          0          0          0          0   (incl. Padding)

    ----------------------------------------------------------------------

      Code (inc. data)   RO Data    RW Data    ZI Data      Debug   Library Name

      1132         42          0          0         96       1356   c_w.l
        10          0          0          0          0        116   fz_wm.l

    ----------------------------------------------------------------------
      1148         42          0          0         96       1472   Library Totals

    ----------------------------------------------------------------------

==============================================================================


      Code (inc. data)   RO Data    RW Data    ZI Data      Debug   

      7988        710        616         80       2048     914152   Grand Totals
      7988        710        616         80       2048     914152   ELF Image Totals
      7988        710        616         80          0          0   ROM Totals

==============================================================================

    Total RO  Size (Code + RO Data)                 8604 (   8.40kB)
    Total RW  Size (RW Data + ZI Data)              2128 (   2.08kB)
    Total ROM Size (Code + RO Data + RW Data)       8684 (   8.48kB)

==============================================================================

